Component: ARM Compiler 5.05 update 1 (build 106) Tool: armlink [4d0efa]

==============================================================================

Section Cross References

    main.o(i.GPS_INIT) refers to gps.o(i.Ublox_Cfg_Rate) for Ublox_Cfg_Rate
    main.o(i.GPS_INIT) refers to __2printf.o(.text) for __2printf
    main.o(i.GPS_INIT) refers to usart1.o(i.USART1_Init) for USART1_Init
    main.o(i.GPS_INIT) refers to gps.o(i.Ublox_Cfg_Prt) for Ublox_Cfg_Prt
    main.o(i.GPS_INIT) refers to gps.o(i.Ublox_Cfg_Tp) for Ublox_Cfg_Tp
    main.o(i.GPS_INIT) refers to gps.o(i.Ublox_Cfg_Cfg_Save) for Ublox_Cfg_Cfg_Save
    main.o(i.GPS_INIT) refers to delay.o(i.delay_ms) for delay_ms
    main.o(i.GPS_SHUJU) refers to gps.o(i.GPS_Analysis) for GPS_Analysis
    main.o(i.GPS_SHUJU) refers to main.o(i.Gps_Msg_Show) for Gps_Msg_Show
    main.o(i.GPS_SHUJU) refers to usart1.o(.data) for USART1_RX_STA
    main.o(i.GPS_SHUJU) refers to main.o(.data) for i
    main.o(i.GPS_SHUJU) refers to usart1.o(.bss) for USART1_RX_BUF
    main.o(i.GPS_SHUJU) refers to main.o(.bss) for TEMP_BUF
    main.o(i.Gps_Msg_Show) refers to _printf_pad.o(.text) for _printf_pre_padding
    main.o(i.Gps_Msg_Show) refers to _printf_percent.o(.ARM.Collect$$_printf_percent$$00000000) for _printf_percent
    main.o(i.Gps_Msg_Show) refers to _printf_f.o(.ARM.Collect$$_printf_percent$$00000003) for _printf_f
    main.o(i.Gps_Msg_Show) refers to _printf_c.o(.ARM.Collect$$_printf_percent$$00000013) for _printf_c
    main.o(i.Gps_Msg_Show) refers to printf1.o(x$fpl$printf1) for _printf_fp_dec
    main.o(i.Gps_Msg_Show) refers to _printf_str.o(.text) for _printf_str
    main.o(i.Gps_Msg_Show) refers to _printf_s.o(.ARM.Collect$$_printf_percent$$00000014) for _printf_s
    main.o(i.Gps_Msg_Show) refers to _printf_d.o(.ARM.Collect$$_printf_percent$$00000009) for _printf_d
    main.o(i.Gps_Msg_Show) refers to _printf_dec.o(.text) for _printf_int_dec
    main.o(i.Gps_Msg_Show) refers to __2printf.o(.text) for __2printf
    main.o(i.Gps_Msg_Show) refers to fflt_clz.o(x$fpl$ffltu) for __aeabi_ui2f
    main.o(i.Gps_Msg_Show) refers to fdiv.o(x$fpl$fdiv) for __aeabi_fdiv
    main.o(i.Gps_Msg_Show) refers to f2d.o(x$fpl$f2d) for __aeabi_f2d
    main.o(i.Gps_Msg_Show) refers to __2sprintf.o(.text) for __2sprintf
    main.o(i.Gps_Msg_Show) refers to fflt_clz.o(x$fpl$fflt) for __aeabi_i2f
    main.o(i.Gps_Msg_Show) refers to main.o(.bss) for gpsx
    main.o(i.Gps_Msg_Show) refers to main.o(.data) for fixmode_tbl
    main.o(i.Str16_To_Hex) refers to main.o(.bss) for string
    main.o(i.StringToHex) refers to strlen.o(.text) for strlen
    main.o(i.arrayToStr) refers to _printf_pad.o(.text) for _printf_pre_padding
    main.o(i.arrayToStr) refers to _printf_percent.o(.ARM.Collect$$_printf_percent$$00000000) for _printf_percent
    main.o(i.arrayToStr) refers to _printf_x.o(.ARM.Collect$$_printf_percent$$0000000C) for _printf_x
    main.o(i.arrayToStr) refers to _printf_hex_int_ll_ptr.o(.text) for _printf_longlong_hex
    main.o(i.arrayToStr) refers to rt_memclr_w.o(.text) for __aeabi_memclr4
    main.o(i.arrayToStr) refers to __2sprintf.o(.text) for __2sprintf
    main.o(i.arrayToStr) refers to strncat.o(.text) for strncat
    main.o(i.arrayToStr) refers to strncpy.o(.text) for strncpy
    main.o(i.main) refers to _printf_percent.o(.ARM.Collect$$_printf_percent$$00000000) for _printf_percent
    main.o(i.main) refers to _printf_d.o(.ARM.Collect$$_printf_percent$$00000009) for _printf_d
    main.o(i.main) refers to _printf_dec.o(.text) for _printf_int_dec
    main.o(i.main) refers to _printf_s.o(.ARM.Collect$$_printf_percent$$00000014) for _printf_s
    main.o(i.main) refers to _printf_str.o(.text) for _printf_str
    main.o(i.main) refers to _printf_pad.o(.text) for _printf_pre_padding
    main.o(i.main) refers to _printf_f.o(.ARM.Collect$$_printf_percent$$00000003) for _printf_f
    main.o(i.main) refers to _printf_c.o(.ARM.Collect$$_printf_percent$$00000013) for _printf_c
    main.o(i.main) refers to printf1.o(x$fpl$printf1) for _printf_fp_dec
    main.o(i.main) refers to delay.o(i.delay_init) for delay_init
    main.o(i.main) refers to usart.o(i.uart2_init) for uart2_init
    main.o(i.main) refers to usart.o(i.uart3_init) for uart3_init
    main.o(i.main) refers to usart1.o(i.USART1_Init) for USART1_Init
    main.o(i.main) refers to led.o(i.LED_Init) for LED_Init
    main.o(i.main) refers to timer.o(i.Timer2_Init) for Timer2_Init
    main.o(i.main) refers to adc.o(i.ADCx_Init) for ADCx_Init
    main.o(i.main) refers to oled.o(i.IIC_Init) for IIC_Init
    main.o(i.main) refers to oled.o(i.OLED_Init) for OLED_Init
    main.o(i.main) refers to key.o(i.Key_Init) for Key_Init
    main.o(i.main) refers to nvic.o(i.nvic_init) for nvic_init
    main.o(i.main) refers to __2printf.o(.text) for __2printf
    main.o(i.main) refers to oled.o(i.OLED_ON) for OLED_ON
    main.o(i.main) refers to oled.o(i.OLED_CLS) for OLED_CLS
[...]
    .text                                    0x08000de2   Section        0  exit.o(.text)
    .text                                    0x08000df0   Section      128  strcmpv7m.o(.text)
    CL$$btod_d2e                             0x08000e70   Section       62  btod.o(CL$$btod_d2e)
    CL$$btod_d2e_denorm_low                  0x08000eae   Section       70  btod.o(CL$$btod_d2e_denorm_low)
    CL$$btod_d2e_norm_op1                    0x08000ef4   Section       96  btod.o(CL$$btod_d2e_norm_op1)
    CL$$btod_div_common                      0x08000f54   Section      824  btod.o(CL$$btod_div_common)
    CL$$btod_e2e                             0x0800128c   Section      198  btod.o(CL$$btod_e2e)
    CL$$btod_ediv                            0x08001352   Section       40  btod.o(CL$$btod_ediv)
    CL$$btod_emul                            0x0800137a   Section       40  btod.o(CL$$btod_emul)
    CL$$btod_mult_common                     0x080013a2   Section      580  btod.o(CL$$btod_mult_common)
    i.ADC1_2_IRQHandler                      0x080015e8   Section        0  stm32f10x_it.o(i.ADC1_2_IRQHandler)
    i.ADC_ClearITPendingBit                  0x08001618   Section        0  stm32f10x_adc.o(i.ADC_ClearITPendingBit)
    i.ADC_Cmd                                0x08001622   Section        0  stm32f10x_adc.o(i.ADC_Cmd)
    i.ADC_GetCalibrationStatus               0x08001638   Section        0  stm32f10x_adc.o(i.ADC_GetCalibrationStatus)
    i.ADC_GetConversionValue                 0x0800164c   Section        0  stm32f10x_adc.o(i.ADC_GetConversionValue)
    i.ADC_GetITStatus                        0x08001654   Section        0  stm32f10x_adc.o(i.ADC_GetITStatus)
    i.ADC_GetResetCalibrationStatus          0x08001678   Section        0  stm32f10x_adc.o(i.ADC_GetResetCalibrationStatus)
    i.ADC_ITConfig                           0x0800168c   Section        0  stm32f10x_adc.o(i.ADC_ITConfig)
    i.ADC_Init                               0x080016a4   Section        0  stm32f10x_adc.o(i.ADC_Init)
    i.ADC_RegularChannelConfig               0x080016f4   Section        0  stm32f10x_adc.o(i.ADC_RegularChannelConfig)
    i.ADC_ResetCalibration                   0x080017ac   Section        0  stm32f10x_adc.o(i.ADC_ResetCalibration)
    i.ADC_SoftwareStartConvCmd               0x080017b6   Section        0  stm32f10x_adc.o(i.ADC_SoftwareStartConvCmd)
    i.ADC_StartCalibration                   0x080017cc   Section        0  stm32f10x_adc.o(i.ADC_StartCalibration)
    i.ADCx_GPIO_Config                       0x080017d8   Section        0  adc.o(i.ADCx_GPIO_Config)
    ADCx_GPIO_Config                         0x080017d9   Thumb Code    32  adc.o(i.ADCx_GPIO_Config)
    i.ADCx_Init                              0x080017fc   Section        0  adc.o(i.ADCx_Init)
    i.ADCx_Mode_Config                       0x08001808   Section        0  adc.o(i.ADCx_Mode_Config)
    ADCx_Mode_Config                         0x08001809   Thumb Code   138  adc.o(i.ADCx_Mode_Config)
    i.DMA_Cmd                                0x08001898   Section        0  stm32f10x_dma.o(i.DMA_Cmd)
    i.DMA_DeInit                             0x080018b0   Section        0  stm32f10x_dma.o(i.DMA_DeInit)
    i.DMA_Init                               0x080019fc   Section        0  stm32f10x_dma.o(i.DMA_Init)
    i.DMA_SetCurrDataCounter                 0x08001a38   Section        0  stm32f10x_dma.o(i.DMA_SetCurrDataCounter)
    i.GPIO_Init                              0x08001a3c   Section        0  stm32f10x_gpio.o(i.GPIO_Init)
    i.GPIO_ReadInputDataBit                  0x08001b52   Section        0  stm32f10x_gpio.o(i.GPIO_ReadInputDataBit)
    i.GPIO_ResetBits                         0x08001b64   Section        0  stm32f10x_gpio.o(i.GPIO_ResetBits)
    i.GPIO_SetBits                           0x08001b68   Section        0  stm32f10x_gpio.o(i.GPIO_SetBits)
    i.GPRS_Send_String                       0x08001b6c   Section        0  network.o(i.GPRS_Send_String)
    i.GPS_Analysis                           0x08001c44   Section        0  gps.o(i.GPS_Analysis)
    i.GPS_INIT                               0x08001c74   Section        0  main.o(i.GPS_INIT)
    i.GPS_SHUJU                              0x08001d08   Section        0  main.o(i.GPS_SHUJU)
    i.Gps_Msg_Show                           0x08001d78   Section        0  main.o(i.Gps_Msg_Show)
    i.IIC_Init                               0x08002010   Section        0  oled.o(i.IIC_Init)
    i.IIC_Start                              0x0800203c   Section        0  oled.o(i.IIC_Start)
    i.IIC_Stop                               0x08002078   Section        0  oled.o(i.IIC_Stop)
    i.IIC_Wait_Ask                           0x080020a8   Section        0  oled.o(i.IIC_Wait_Ask)
    i.IIC_WriteByte                          0x080020f0   Section        0  oled.o(i.IIC_WriteByte)
    i.Key_Init                               0x0800214c   Section        0  key.o(i.Key_Init)
    i.Key_Scan                               0x080021b4   Section        0  key.o(i.Key_Scan)
    i.LED_Init                               0x080022bc   Section        0  led.o(i.LED_Init)
    i.NMEA_Comma_Pos                         0x0800231c   Section        0  gps.o(i.NMEA_Comma_Pos)
    i.NMEA_GPGGA_Analysis                    0x08002350   Section        0  gps.o(i.NMEA_GPGGA_Analysis)
    i.NMEA_GPGSA_Analysis                    0x080023b8   Section        0  gps.o(i.NMEA_GPGSA_Analysis)
    i.NMEA_GPGSV_Analysis                    0x08002470   Section        0  gps.o(i.NMEA_GPGSV_Analysis)
    i.NMEA_GPRMC_Analysis                    0x0800259c   Section        0  gps.o(i.NMEA_GPRMC_Analysis)
    i.NMEA_GPVTG_Analysis                    0x080027bc   Section        0  gps.o(i.NMEA_GPVTG_Analysis)
    i.NMEA_Pow                               0x08002814   Section        0  gps.o(i.NMEA_Pow)
    i.NMEA_Str2num                           0x0800282a   Section        0  gps.o(i.NMEA_Str2num)
    i.NVIC_Init                              0x08002914   Section        0  misc.o(i.NVIC_Init)
    i.NVIC_PriorityGroupConfig               0x08002984   Section        0  misc.o(i.NVIC_PriorityGroupConfig)
    i.OLED_CLS                               0x08002998   Section        0  oled.o(i.OLED_CLS)
    i.OLED_Fill                              0x080029a2   Section        0  oled.o(i.OLED_Fill)
    i.OLED_Init                              0x080029dc   Section        0  oled.o(i.OLED_Init)
    i.OLED_ON                                0x08002a8e   Section        0  oled.o(i.OLED_ON)
    i.OLED_SetPos                            0x08002aa4   Section        0  oled.o(i.OLED_SetPos)
    i.OLED_ShowCHinese                       0x08002acc   Section        0  oled.o(i.OLED_ShowCHinese)
    i.OLED_ShowStr                           0x08002b30   Section        0  oled.o(i.OLED_ShowStr)
    i.RCC_ADCCLKConfig                       0x08002c1c   Section        0  stm32f10x_rcc.o(i.RCC_ADCCLKConfig)
    i.RCC_AHBPeriphClockCmd                  0x08002c34   Section        0  stm32f10x_rcc.o(i.RCC_AHBPeriphClockCmd)
    i.RCC_APB1PeriphClockCmd                 0x08002c54   Section        0  stm32f10x_rcc.o(i.RCC_APB1PeriphClockCmd)
    i.RCC_APB1PeriphResetCmd                 0x08002c74   Section        0  stm32f10x_rcc.o(i.RCC_APB1PeriphResetCmd)
    i.RCC_APB2PeriphClockCmd                 0x08002c94   Section        0  stm32f10x_rcc.o(i.RCC_APB2PeriphClockCmd)
    i.RCC_APB2PeriphResetCmd                 0x08002cb4   Section        0  stm32f10x_rcc.o(i.RCC_APB2PeriphResetCmd)
    i.RCC_GetClocksFreq                      0x08002cd4   Section        0  stm32f10x_rcc.o(i.RCC_GetClocksFreq)
    i.SDA_IN                                 0x08002da8   Section        0  oled.o(i.SDA_IN)
    i.SDA_OUT                                0x08002dcc   Section        0  oled.o(i.SDA_OUT)
    i.SetSysClock                            0x08002df0   Section        0  system_stm32f10x.o(i.SetSysClock)
    SetSysClock                              0x08002df1   Thumb Code     8  system_stm32f10x.o(i.SetSysClock)
    i.SetSysClockTo72                        0x08002df8   Section        0  system_stm32f10x.o(i.SetSysClockTo72)
    SetSysClockTo72                          0x08002df9   Thumb Code   214  system_stm32f10x.o(i.SetSysClockTo72)
    i.Set_Text_Mode                          0x08002ed8   Section        0  network.o(i.Set_Text_Mode)
    i.SysTick_CLKSourceConfig                0x080030f0   Section        0  misc.o(i.SysTick_CLKSourceConfig)
    i.SystemInit                             0x08003118   Section        0  system_stm32f10x.o(i.SystemInit)
    i.TIM2_IRQHandler                        0x08003178   Section        0  stm32f10x_it.o(i.TIM2_IRQHandler)
    i.TIM4_IRQHandler                        0x08003360   Section        0  usart1.o(i.TIM4_IRQHandler)
    i.TIM4_Init                              0x08003390   Section        0  usart1.o(i.TIM4_Init)
    i.TIM4_Set                               0x080033e8   Section        0  usart1.o(i.TIM4_Set)
    i.TIM_ClearITPendingBit                  0x08003410   Section        0  stm32f10x_tim.o(i.TIM_ClearITPendingBit)
    i.TIM_Cmd                                0x08003416   Section        0  stm32f10x_tim.o(i.TIM_Cmd)
    i.TIM_GetITStatus                        0x0800342e   Section        0  stm32f10x_tim.o(i.TIM_GetITStatus)
    i.TIM_ITConfig                           0x08003450   Section        0  stm32f10x_tim.o(i.TIM_ITConfig)
    i.TIM_SetCounter                         0x08003462   Section        0  stm32f10x_tim.o(i.TIM_SetCounter)
    i.TIM_TimeBaseInit                       0x08003468   Section        0  stm32f10x_tim.o(i.TIM_TimeBaseInit)
    i.Timer2_Init                            0x0800350c   Section        0  timer.o(i.Timer2_Init)
    i.UART_DMA_Config                        0x08003552   Section        0  usart1.o(i.UART_DMA_Config)
    i.UART_DMA_Enable                        0x0800359a   Section        0  usart1.o(i.UART_DMA_Enable)
    i.USART1_IRQHandler                      0x080035bc   Section        0  usart1.o(i.USART1_IRQHandler)
    i.USART1_Init                            0x08003620   Section        0  usart1.o(i.USART1_Init)
    i.USART2_IRQHandler                      0x08003704   Section        0  usart.o(i.USART2_IRQHandler)
    i.USART3_IRQHandler                      0x0800378c   Section        0  usart.o(i.USART3_IRQHandler)
    i.USART_Cmd                              0x080037f8   Section        0  stm32f10x_usart.o(i.USART_Cmd)
    i.USART_DMACmd                           0x08003810   Section        0  stm32f10x_usart.o(i.USART_DMACmd)
    i.USART_DeInit                           0x08003824   Section        0  stm32f10x_usart.o(i.USART_DeInit)
    i.USART_GetFlagStatus                    0x080038c0   Section        0  stm32f10x_usart.o(i.USART_GetFlagStatus)
    i.USART_GetITStatus                      0x080038da   Section        0  stm32f10x_usart.o(i.USART_GetITStatus)
    i.USART_ITConfig                         0x0800392e   Section        0  stm32f10x_usart.o(i.USART_ITConfig)
    i.USART_Init                             0x08003978   Section        0  stm32f10x_usart.o(i.USART_Init)
    i.USART_ReceiveData                      0x08003a50   Section        0  stm32f10x_usart.o(i.USART_ReceiveData)
    i.USART_SendData                         0x08003a5a   Section        0  stm32f10x_usart.o(i.USART_SendData)
    i.Ublox_Cfg_Ack_Check                    0x08003a64   Section        0  gps.o(i.Ublox_Cfg_Ack_Check)
    i.Ublox_Cfg_Cfg_Save                     0x08003ad4   Section        0  gps.o(i.Ublox_Cfg_Cfg_Save)
    i.Ublox_Cfg_Prt                          0x08003b4c   Section        0  gps.o(i.Ublox_Cfg_Prt)
    i.Ublox_Cfg_Rate                         0x08003bc0   Section        0  gps.o(i.Ublox_Cfg_Rate)
    i.Ublox_Cfg_Tp                           0x08003c18   Section        0  gps.o(i.Ublox_Cfg_Tp)
    i.Ublox_CheckSum                         0x08003c88   Section        0  gps.o(i.Ublox_CheckSum)
    i.Usart_SendChar                         0x08003cb0   Section        0  usart.o(i.Usart_SendChar)
    i.Usart_SendString                       0x08003cd0   Section        0  usart.o(i.Usart_SendString)
    i.WriteCmd                               0x08003d0c   Section        0  oled.o(i.WriteCmd)
    i.WriteDat                               0x08003d38   Section        0  oled.o(i.WriteDat)
    i.__ARM_fpclassify                       0x08003d64   Section        0  fpclassify.o(i.__ARM_fpclassify)
    i._is_digit                              0x08003d8c   Section        0  __printf_wp.o(i._is_digit)
    i._sys_exit                              0x08003d9a   Section        0  usart.o(i._sys_exit)
    i.delay_init                             0x08003da0   Section        0  delay.o(i.delay_init)
    i.delay_ms                               0x08003de4   Section        0  delay.o(i.delay_ms)
    i.delay_us                               0x08003e30   Section        0  delay.o(i.delay_us)
    i.findStr                                0x08003e7c   Section        0  network.o(i.findStr)
    i.fputc                                  0x08003ed0   Section        0  usart.o(i.fputc)
    i.initGPRS                               0x08003eec   Section        0  network.o(i.initGPRS)
    i.keyScan                                0x08004004   Section        0  key.o(i.keyScan)
    i.main                                   0x0800402c   Section        0  main.o(i.main)
    i.nvic_init                              0x08004b38   Section        0  nvic.o(i.nvic_init)
    i.uart2_init                             0x08004bd4   Section        0  usart.o(i.uart2_init)
    i.uart3_init                             0x08004c54   Section        0  usart.o(i.uart3_init)
    locale$$code                             0x08004cec   Section       44  lc_numeric_c.o(locale$$code)
    x$fpl$dretinf                            0x08004d18   Section       12  dretinf.o(x$fpl$dretinf)
    x$fpl$f2d                                0x08004d24   Section       86  f2d.o(x$fpl$f2d)
    x$fpl$fadd                               0x08004d7c   Section      196  faddsub_clz.o(x$fpl$fadd)
    _fadd1                                   0x08004d8b   Thumb Code     0  faddsub_clz.o(x$fpl$fadd)
    x$fpl$fdiv                               0x08004e40   Section      388  fdiv.o(x$fpl$fdiv)
    _fdiv1                                   0x08004e41   Thumb Code     0  fdiv.o(x$fpl$fdiv)
    x$fpl$ffixu                              0x08004fc4   Section       62  ffixu.o(x$fpl$ffixu)
    x$fpl$fflt                               0x08005004   Section       48  fflt_clz.o(x$fpl$fflt)
    x$fpl$ffltu                              0x08005034   Section       38  fflt_clz.o(x$fpl$ffltu)
    x$fpl$fmul                               0x0800505c   Section      258  fmul.o(x$fpl$fmul)
    x$fpl$fnaninf                            0x0800515e   Section      140  fnaninf.o(x$fpl$fnaninf)
    x$fpl$fretinf                            0x080051ea   Section       10  fretinf.o(x$fpl$fretinf)
    x$fpl$fsub                               0x080051f4   Section      234  faddsub_clz.o(x$fpl$fsub)
    _fsub1                                   0x08005203   Thumb Code     0  faddsub_clz.o(x$fpl$fsub)
    x$fpl$printf1                            0x080052de   Section        4  printf1.o(x$fpl$printf1)
    .constdata                               0x080052e2   Section     2072  oled.o(.constdata)
    x$fpl$usenofp                            0x080052e2   Section        0  usenofp.o(x$fpl$usenofp)
    .constdata                               0x08005afa   Section       17  __printf_flags_ss_wp.o(.constdata)
    maptable                                 0x08005afa   Data          17  __printf_flags_ss_wp.o(.constdata)
    .constdata                               0x08005b0c   Section      148  bigflt0.o(.constdata)
    tenpwrs_x                                0x08005b0c   Data          60  bigflt0.o(.constdata)
    tenpwrs_i                                0x08005b48   Data          64  bigflt0.o(.constdata)
    .conststring                             0x08005ba0   Section       21  main.o(.conststring)
    .conststring                             0x08005bb8   Section       42  network.o(.conststring)
    locale$$data                             0x08005c04   Section       28  lc_numeric_c.o(locale$$data)
    __lcnum_c_name                           0x08005c08   Data           2  lc_numeric_c.o(locale$$data)
    __lcnum_c_start                          0x08005c10   Data           0  lc_numeric_c.o(locale$$data)
    __lcnum_c_point                          0x08005c1c   Data           0  lc_numeric_c.o(locale$$data)
    __lcnum_c_thousands                      0x08005c1e   Data           0  lc_numeric_c.o(locale$$data)
    __lcnum_c_grouping                       0x08005c1f   Data           0  lc_numeric_c.o(locale$$data)
    __lcnum_c_end                            0x08005c20   Data           0  lc_numeric_c.o(locale$$data)
    .data                                    0x20000000   Section       35  main.o(.data)
    .data                                    0x20000024   Section       36  stm32f10x_it.o(.data)
    count1                                   0x20000030   Data           4  stm32f10x_it.o(.data)
    count2                                   0x20000034   Data           4  stm32f10x_it.o(.data)
    count3                                   0x20000038   Data           4  stm32f10x_it.o(.data)
    i                                        0x2000003c   Data           4  stm32f10x_it.o(.data)
    count4                                   0x20000040   Data           4  stm32f10x_it.o(.data)
    count6                                   0x20000044   Data           4  stm32f10x_it.o(.data)
    .data                                    0x20000048   Section        4  delay.o(.data)
    fac_us                                   0x20000048   Data           1  delay.o(.data)
    fac_ms                                   0x2000004a   Data           2  delay.o(.data)
    .data                                    0x2000004c   Section       13  usart.o(.data)
    i                                        0x20000058   Data           1  usart.o(.data)
    .data                                    0x2000005a   Section        2  adc.o(.data)
    .data                                    0x2000005c   Section     7872  oled.o(.data)
    .data                                    0x20001f1c   Section        9  key.o(.data)
    pin                                      0x20001f1c   Data           8  key.o(.data)
    i                                        0x20001f24   Data           1  key.o(.data)
    .data                                    0x20001f28   Section        9  network.o(.data)
    .data                                    0x20001f32   Section        2  usart1.o(.data)
    .data                                    0x20001f34   Section       20  system_stm32f10x.o(.data)
    .data                                    0x20001f48   Section       20  stm32f10x_rcc.o(.data)
    APBAHBPrescTable                         0x20001f48   Data          16  stm32f10x_rcc.o(.data)
    ADCPrescTable                            0x20001f58   Data           4  stm32f10x_rcc.o(.data)
    .bss                                     0x20001f5c   Section     1978  main.o(.bss)
    .bss                                     0x20002716   Section      400  usart.o(.bss)
    .bss                                     0x200028a6   Section       80  network.o(.bss)
    .bss                                     0x200028f8   Section     1000  usart1.o(.bss)
    .bss                                     0x20002ce0   Section       96  libspace.o(.bss)
    HEAP                                     0x20002d40   Section      512  startup_stm32f10x_hd.o(HEAP)
    Heap_Mem                                 0x20002d40   Data         512  startup_stm32f10x_hd.o(HEAP)
    STACK                                    0x20002f40   Section     1024  startup_stm32f10x_hd.o(STACK)
    Stack_Mem                                0x20002f40   Data        1024  startup_stm32f10x_hd.o(STACK)
    __initial_sp                             0x20003340   Data           0  startup_stm32f10x_hd.o(STACK)

    Global Symbols

    Symbol Name                              Value     Ov Type        Size  Object(Section)

    BuildAttributes$$THM_ISAv4$P$D$K$B$S$PE$A:L22UL41UL21$X:L11$S22US41US21$IEEE1$IW$USESV6$~STKCKD$USESV7$~SHL$OTIME$ROPI$IEEEJ$EBA8$UX$STANDARDLIB$REQ8$PRES8$EABIv2 0x00000000   Number         0  anon$$obj.o ABSOLUTE
    __ARM_use_no_argv                        0x00000000   Number         0  main.o ABSOLUTE
    _printf_flags                            0x00000000   Number         0  printf_stubs.o ABSOLUTE
    _printf_return_value                     0x00000000   Number         0  printf_stubs.o ABSOLUTE
    _printf_sizespec                         0x00000000   Number         0  printf_stubs.o ABSOLUTE
    _printf_widthprec                        0x00000000   Number         0  printf_stubs.o ABSOLUTE
    __ARM_exceptions_init                     - Undefined Weak Reference
    __alloca_initialize                       - Undefined Weak Reference
    __arm_preinit_                            - Undefined Weak Reference
    __cpp_initialize__aeabi_                  - Undefined Weak Reference
    __cxa_finalize                            - Undefined Weak Reference
    __sigvec_lookup                           - Undefined Weak Reference
    _atexit_init                              - Undefined Weak Reference
    _call_atexit_fns                          - Undefined Weak Reference
    _clock_init                               - Undefined Weak Reference
    _fp_trap_init                             - Undefined Weak Reference
    _fp_trap_shutdown                         - Undefined Weak Reference
    _get_lc_collate                           - Undefined Weak Reference
    _get_lc_monetary                          - Undefined Weak Reference
    _get_lc_time                              - Undefined Weak Reference
    _getenv_init                              - Undefined Weak Reference
    _handle_redirection                       - Undefined Weak Reference
    _init_alloc                               - Undefined Weak Reference
    _init_user_alloc                          - Undefined Weak Reference
    _initio                                   - Undefined Weak Reference
    _mutex_acquire                            - Undefined Weak Reference
    _mutex_release                            - Undefined Weak Reference
    _printf_fp_hex                            - Undefined Weak Reference
    _printf_mbtowc                            - Undefined Weak Reference
    _printf_wc                                - Undefined Weak Reference
    _rand_init                                - Undefined Weak Reference
    _signal_finish                            - Undefined Weak Reference
    _signal_init                              - Undefined Weak Reference
    _terminate_alloc                          - Undefined Weak Reference
    _terminate_user_alloc                     - Undefined Weak Reference
    _terminateio                              - Undefined Weak Reference
    __Vectors_Size                           0x00000130   Number         0  startup_stm32f10x_hd.o ABSOLUTE
    __Vectors                                0x08000000   Data           4  startup_stm32f10x_hd.o(RESET)
    __Vectors_End                            0x08000130   Data           0  startup_stm32f10x_hd.o(RESET)
    __main                                   0x08000131   Thumb Code     8  __main.o(!!!main)
    __scatterload                            0x08000139   Thumb Code     0  __scatter.o(!!!scatter)
    __scatterload_rt2                        0x08000139   Thumb Code    44  __scatter.o(!!!scatter)
    __scatterload_rt2_thumb_only             0x08000139   Thumb Code     0  __scatter.o(!!!scatter)
    __scatterload_null                       0x08000147   Thumb Code     0  __scatter.o(!!!scatter)
    __decompress                             0x0800016d   Thumb Code   100  __dclz77c.o(!!dclz77c)
    __decompress2                            0x0800016d   Thumb Code     0  __dclz77c.o(!!dclz77c)
    __scatterload_zeroinit                   0x080001d1   Thumb Code    28  __scatter_zi.o(!!handler_zi)
    _printf_f                                0x080001ed   Thumb Code     0  _printf_f.o(.ARM.Collect$$_printf_percent$$00000003)
    _printf_percent                          0x080001ed   Thumb Code     0  _printf_percent.o(.ARM.Collect$$_printf_percent$$00000000)
    _printf_d                                0x080001f3   Thumb Code     0  _printf_d.o(.ARM.Collect$$_printf_percent$$00000009)
    _printf_c                                0x080001f9   Thumb Code     0  _printf_c.o(.ARM.Collect$$_printf_percent$$00000013)
    _printf_s                                0x080001ff   Thumb Code     0  _printf_s.o(.ARM.Collect$$_printf_percent$$00000014)
    _printf_percent_end                      0x08000205   Thumb Code     0  _printf_percent_end.o(.ARM.Collect$$_printf_percent$$00000017)
    __rt_lib_init                            0x08000209   Thumb Code     0  libinit.o(.ARM.Collect$$libinit$$00000000)
    __rt_lib_init_fp_1                       0x0800020b   Thumb Code     0  libinit2.o(.ARM.Collect$$libinit$$00000002)
    __rt_lib_init_heap_1                     0x0800020b   Thumb Code     0  libinit2.o(.ARM.Collect$$libinit$$0000000A)
    __rt_lib_init_lc_common                  0x0800020b   Thumb Code     0  libinit2.o(.ARM.Collect$$libinit$$0000000F)
    __rt_lib_init_preinit_1                  0x0800020b   Thumb Code     0  libinit2.o(.ARM.Collect$$libinit$$00000004)
    __rt_lib_init_rand_1                     0x0800020b   Thumb Code     0  libinit2.o(.ARM.Collect$$libinit$$0000000E)
    __rt_lib_init_user_alloc_1               0x0800020b   Thumb Code     0  libinit2.o(.ARM.Collect$$libinit$$0000000C)
    __rt_lib_init_lc_collate_1               0x08000211   Thumb Code     0  libinit2.o(.ARM.Collect$$libinit$$00000011)
    __rt_lib_init_lc_ctype_1                 0x08000211   Thumb Code     0  libinit2.o(.ARM.Collect$$libinit$$00000013)
    __rt_lib_init_lc_monetary_1              0x08000211   Thumb Code     0  libinit2.o(.ARM.Collect$$libinit$$00000015)
    __rt_lib_init_lc_numeric_2               0x08000211   Thumb Code     0  libinit2.o(.ARM.Collect$$libinit$$00000016)
    __rt_lib_init_alloca_1                   0x0800021b   Thumb Code     0  libinit2.o(.ARM.Collect$$libinit$$0000002E)
    __rt_lib_init_argv_1                     0x0800021b   Thumb Code     0  libinit2.o(.ARM.Collect$$libinit$$0000002C)
    __rt_lib_init_atexit_1                   0x0800021b   Thumb Code     0  libinit2.o(.ARM.Collect$$libinit$$0000001B)
    __rt_lib_init_clock_1                    0x0800021b   Thumb Code     0  libinit2.o(.ARM.Collect$$libinit$$00000021)
    __rt_lib_init_cpp_1                      0x0800021b   Thumb Code     0  libinit2.o(.ARM.Collect$$libinit$$00000032)
    __rt_lib_init_exceptions_1               0x0800021b   Thumb Code     0  libinit2.o(.ARM.Collect$$libinit$$00000030)
    __rt_lib_init_fp_trap_1                  0x0800021b   Thumb Code     0  libinit2.o(.ARM.Collect$$libinit$$0000001F)
    __rt_lib_init_getenv_1                   0x0800021b   Thumb Code     0  libinit2.o(.ARM.Collect$$libinit$$00000023)
    __rt_lib_init_lc_numeric_1               0x0800021b   Thumb Code     0  libinit2.o(.ARM.Collect$$libinit$$00000017)
    __rt_lib_init_lc_time_1                  0x0800021b   Thumb Code     0  libinit2.o(.ARM.Collect$$libinit$$00000019)
    __rt_lib_init_return                     0x0800021b   Thumb Code     0  libinit2.o(.ARM.Collect$$libinit$$00000033)
    __rt_lib_init_signal_1                   0x0800021b   Thumb Code     0  libinit2.o(.ARM.Collect$$libinit$$0000001D)
    __rt_lib_init_stdio_1                    0x0800021b   Thumb Code     0  libinit2.o(.ARM.Collect$$libinit$$00000025)
    __rt_lib_shutdown                        0x0800021d   Thumb Code     0  libshutdown.o(.ARM.Collect$$libshutdown$$00000000)
    __rt_lib_shutdown_fp_trap_1              0x0800021f   Thumb Code     0  libshutdown2.o(.ARM.Collect$$libshutdown$$00000006)
    __rt_lib_shutdown_heap_1                 0x0800021f   Thumb Code     0  libshutdown2.o(.ARM.Collect$$libshutdown$$0000000E)
    __rt_lib_shutdown_return                 0x0800021f   Thumb Code     0  libshutdown2.o(.ARM.Collect$$libshutdown$$0000000F)
    __rt_lib_shutdown_signal_1               0x0800021f   Thumb Code     0  libshutdown2.o(.ARM.Collect$$libshutdown$$00000009)
    __rt_lib_shutdown_stdio_1                0x0800021f   Thumb Code     0  libshutdown2.o(.ARM.Collect$$libshutdown$$00000003)
    __rt_lib_shutdown_user_alloc_1           0x0800021f   Thumb Code     0  libshutdown2.o(.ARM.Collect$$libshutdown$$0000000B)
    __rt_entry                               0x08000221   Thumb Code     0  __rtentry.o(.ARM.Collect$$rtentry$$00000000)
    __rt_entry_presh_1                       0x08000221   Thumb Code     0  __rtentry2.o(.ARM.Collect$$rtentry$$00000002)
    __rt_entry_sh                            0x08000221   Thumb Code     0  __rtentry4.o(.ARM.Collect$$rtentry$$00000004)
    __rt_entry_li                            0x08000227   Thumb Code     0  __rtentry2.o(.ARM.Collect$$rtentry$$0000000A)
    __rt_entry_postsh_1                      0x08000227   Thumb Code     0  __rtentry2.o(.ARM.Collect$$rtentry$$00000009)
    __rt_entry_main                          0x0800022b   Thumb Code     0  __rtentry2.o(.ARM.Collect$$rtentry$$0000000D)
    __rt_entry_postli_1                      0x0800022b   Thumb Code     0  __rtentry2.o(.ARM.Collect$$rtentry$$0000000C)
    __rt_exit                                0x08000233   Thumb Code     0  rtexit.o(.ARM.Collect$$rtexit$$00000000)
    __rt_exit_ls                             0x08000235   Thumb Code     0  rtexit2.o(.ARM.Collect$$rtexit$$00000003)
    __rt_exit_prels_1                        0x08000235   Thumb Code     0  rtexit2.o(.ARM.Collect$$rtexit$$00000002)
    __rt_exit_exit                           0x08000239   Thumb Code     0  rtexit2.o(.ARM.Collect$$rtexit$$00000004)
    Reset_Handler                            0x08000241   Thumb Code     8  startup_stm32f10x_hd.o(.text)
    NMI_Handler                              0x08000249   Thumb Code     2  startup_stm32f10x_hd.o(.text)
    HardFault_Handler                        0x0800024b   Thumb Code     2  startup_stm32f10x_hd.o(.text)
    MemManage_Handler                        0x0800024d   Thumb Code     2  startup_stm32f10x_hd.o(.text)
    BusFault_Handler                         0x0800024f   Thumb Code     2  startup_stm32f10x_hd.o(.text)
    UsageFault_Handler                       0x08000251   Thumb Code     2  startup_stm32f10x_hd.o(.text)
    SVC_Handler                              0x08000253   Thumb Code     2  startup_stm32f10x_hd.o(.text)
    DebugMon_Handler                         0x08000255   Thumb Code     2  startup_stm32f10x_hd.o(.text)
    PendSV_Handler                           0x08000257   Thumb Code     2  startup_stm32f10x_hd.o(.text)
    SysTick_Handler                          0x08000259   Thumb Code     2  startup_stm32f10x_hd.o(.text)
    ADC3_IRQHandler                          0x0800025b   Thumb Code     0  startup_stm32f10x_hd.o(.text)
    CAN1_RX1_IRQHandler                      0x0800025b   Thumb Code     0  startup_stm32f10x_hd.o(.text)
    CAN1_SCE_IRQHandler                      0x0800025b   Thumb Code     0  startup_stm32f10x_hd.o(.text)
    DMA1_Channel1_IRQHandler                 0x0800025b   Thumb Code     0  startup_stm32f10x_hd.o(.text)
    DMA1_Channel2_IRQHandler                 0x0800025b   Thumb Code     0  startup_stm32f10x_hd.o(.text)
    DMA1_Channel3_IRQHandler                 0x0800025b   Thumb Code     0  startup_stm32f10x_hd.o(.text)
    DMA1_Channel4_IRQHandler                 0x0800025b   Thumb Code     0  startup_stm32f10x_hd.o(.text)
    DMA1_Channel5_IRQHandler                 0x0800025b   Thumb Code     0  startup_stm32f10x_hd.o(.text)
    DMA1_Channel6_IRQHandler                 0x0800025b   Thumb Code     0  startup_stm32f10x_hd.o(.text)
    DMA1_Channel7_IRQHandler                 0x0800025b   Thumb Code     0  startup_stm32f10x_hd.o(.text)
    DMA2_Channel1_IRQHandler                 0x0800025b   Thumb Code     0  startup_stm32f10x_hd.o(.text)
    DMA2_Channel2_IRQHandler                 0x0800025b   Thumb Code     0  startup_stm32f10x_hd.o(.text)
    DMA2_Channel3_IRQHandler                 0x0800025b   Thumb Code     0  startup_stm32f10x_hd.o(.text)
    DMA2_Channel4_5_IRQHandler               0x0800025b   Thumb Code     0  startup_stm32f10x_hd.o(.text)
    EXTI0_IRQHandler                         0x0800025b   Thumb Code     0  startup_stm32f10x_hd.o(.text)
    EXTI15_10_IRQHandler                     0x0800025b   Thumb Code     0  startup_stm32f10x_hd.o(.text)
    EXTI1_IRQHandler                         0x0800025b   Thumb Code     0  startup_stm32f10x_hd.o(.text)
    EXTI2_IRQHandler                         0x0800025b   Thumb Code     0  startup_stm32f10x_hd.o(.text)
    EXTI3_IRQHandler                         0x0800025b   Thumb Code     0  startup_stm32f10x_hd.o(.text)
    EXTI4_IRQHandler                         0x0800025b   Thumb Code     0  startup_stm32f10x_hd.o(.text)
    EXTI9_5_IRQHandler                       0x0800025b   Thumb Code     0  startup_stm32f10x_hd.o(.text)
    FLASH_IRQHandler                         0x0800025b   Thumb Code     0  startup_stm32f10x_hd.o(.text)
    FSMC_IRQHandler                          0x0800025b   Thumb Code     0  startup_stm32f10x_hd.o(.text)
    I2C1_ER_IRQHandler                       0x0800025b   Thumb Code     0  startup_stm32f10x_hd.o(.text)
    I2C1_EV_IRQHandler                       0x0800025b   Thumb Code     0  startup_stm32f10x_hd.o(.text)
    I2C2_ER_IRQHandler                       0x0800025b   Thumb Code     0  startup_stm32f10x_hd.o(.text)
    I2C2_EV_IRQHandler                       0x0800025b   Thumb Code     0  startup_stm32f10x_hd.o(.text)
    PVD_IRQHandler                           0x0800025b   Thumb Code     0  startup_stm32f10x_hd.o(.text)
    RCC_IRQHandler                           0x0800025b   Thumb Code     0  startup_stm32f10x_hd.o(.text)
    RTCAlarm_IRQHandler                      0x0800025b   Thumb Code     0  startup_stm32f10x_hd.o(.text)
    RTC_IRQHandler                           0x0800025b   Thumb Code     0  startup_stm32f10x_hd.o(.text)
    SDIO_IRQHandler                          0x0800025b   Thumb Code     0  startup_stm32f10x_hd.o(.text)
    SPI1_IRQHandler                          0x0800025b   Thumb Code     0  startup_stm32f10x_hd.o(.text)
    SPI2_IRQHandler                          0x0800025b   Thumb Code     0  startup_stm32f10x_hd.o(.text)
    SPI3_IRQHandler                          0x0800025b   Thumb Code     0  startup_stm32f10x_hd.o(.text)
    TAMPER_IRQHandler                        0x0800025b   Thumb Code     0  startup_stm32f10x_hd.o(.text)
    TIM1_BRK_IRQHandler                      0x0800025b   Thumb Code     0  startup_stm32f10x_hd.o(.text)
    TIM1_CC_IRQHandler                       0x0800025b   Thumb Code     0  startup_stm32f10x_hd.o(.text)
    TIM1_TRG_COM_IRQHandler                  0x0800025b   Thumb Code     0  startup_stm32f10x_hd.o(.text)
    TIM1_UP_IRQHandler                       0x0800025b   Thumb Code     0  startup_stm32f10x_hd.o(.text)
    TIM3_IRQHandler                          0x0800025b   Thumb Code     0  startup_stm32f10x_hd.o(.text)
    TIM5_IRQHandler                          0x0800025b   Thumb Code     0  startup_stm32f10x_hd.o(.text)
    TIM6_IRQHandler                          0x0800025b   Thumb Code     0  startup_stm32f10x_hd.o(.text)
    TIM7_IRQHandler                          0x0800025b   Thumb Code     0  startup_stm32f10x_hd.o(.text)
    TIM8_BRK_IRQHandler                      0x0800025b   Thumb Code     0  startup_stm32f10x_hd.o(.text)
    TIM8_CC_IRQHandler                       0x0800025b   Thumb Code     0  startup_stm32f10x_hd.o(.text)
    TIM8_TRG_COM_IRQHandler                  0x0800025b   Thumb Code     0  startup_stm32f10x_hd.o(.text)
    TIM8_UP_IRQHandler                       0x0800025b   Thumb Code     0  startup_stm32f10x_hd.o(.text)
    UART4_IRQHandler                         0x0800025b   Thumb Code     0  startup_stm32f10x_hd.o(.text)
    UART5_IRQHandler                         0x0800025b   Thumb Code     0  startup_stm32f10x_hd.o(.text)
    USBWakeUp_IRQHandler                     0x0800025b   Thumb Code     0  startup_stm32f10x_hd.o(.text)
    USB_HP_CAN1_TX_IRQHandler                0x0800025b   Thumb Code     0  startup_stm32f10x_hd.o(.text)
    USB_LP_CAN1_RX0_IRQHandler               0x0800025b   Thumb Code     0  startup_stm32f10x_hd.o(.text)
    WWDG_IRQHandler                          0x0800025b   Thumb Code     0  startup_stm32f10x_hd.o(.text)
    __user_initial_stackheap                 0x0800025d   Thumb Code     0  startup_stm32f10x_hd.o(.text)
    __use_no_semihosting                     0x08000281   Thumb Code     2  use_no_semi_2.o(.text)
    __2printf                                0x08000285   Thumb Code    20  __2printf.o(.text)
    __2sprintf                               0x0800029d   Thumb Code    38  __2sprintf.o(.text)
    _printf_pre_padding                      0x080002c9   Thumb Code    44  _printf_pad.o(.text)
    _printf_post_padding                     0x080002f5   Thumb Code    34  _printf_pad.o(.text)
    _printf_str                              0x08000317   Thumb Code    82  _printf_str.o(.text)
    _printf_int_dec                          0x08000369   Thumb Code   104  _printf_dec.o(.text)
    __printf                                 0x080003e1   Thumb Code   388  __printf_flags_ss_wp.o(.text)
    strstr                                   0x08000569   Thumb Code    36  strstr.o(.text)
    strcat                                   0x0800058d   Thumb Code    24  strcat.o(.text)
    __aeabi_memclr                           0x080005a5   Thumb Code     0  rt_memclr.o(.text)
    __rt_memclr                              0x080005a5   Thumb Code    68  rt_memclr.o(.text)
    _memset                                  0x080005a9   Thumb Code     0  rt_memclr.o(.text)
    __aeabi_memclr4                          0x080005e9   Thumb Code     0  rt_memclr_w.o(.text)
    __aeabi_memclr8                          0x080005e9   Thumb Code     0  rt_memclr_w.o(.text)
    __rt_memclr_w                            0x080005e9   Thumb Code    78  rt_memclr_w.o(.text)
    _memset_w                                0x080005ed   Thumb Code     0  rt_memclr_w.o(.text)
    __use_two_region_memory                  0x08000637   Thumb Code     2  heapauxi.o(.text)
    __rt_heap_escrow$2region                 0x08000639   Thumb Code     2  heapauxi.o(.text)
    __rt_heap_expand$2region                 0x0800063b   Thumb Code     2  heapauxi.o(.text)
    __I$use$semihosting                      0x0800063d   Thumb Code     0  use_no_semi.o(.text)
    __use_no_semihosting_swi                 0x0800063d   Thumb Code     2  use_no_semi.o(.text)
    _printf_int_common                       0x0800063f   Thumb Code   178  _printf_intcommon.o(.text)
    __lib_sel_fp_printf                      0x080006f1   Thumb Code     2  _printf_fp_dec.o(.text)
    _printf_fp_dec_real                      0x0800089f   Thumb Code   620  _printf_fp_dec.o(.text)
    _printf_char_common                      0x08000b17   Thumb Code    32  _printf_char_common.o(.text)
    _sputc                                   0x08000b3d   Thumb Code    10  _sputc.o(.text)
    _printf_cs_common                        0x08000b47   Thumb Code    20  _printf_char.o(.text)
    _printf_char                             0x08000b5b   Thumb Code    16  _printf_char.o(.text)
    _printf_string                           0x08000b6b   Thumb Code     8  _printf_char.o(.text)
    _printf_char_file                        0x08000b75   Thumb Code    32  _printf_char_file.o(.text)
    __rt_locale                              0x08000b99   Thumb Code     8  rt_locale_intlibspace.o(.text)
    _ll_udiv10                               0x08000ba1   Thumb Code   138  lludiv10.o(.text)
    _printf_fp_infnan                        0x08000c2d   Thumb Code   112  _printf_fp_infnan.o(.text)
    _btod_etento                             0x08000cad   Thumb Code   216  bigflt0.o(.text)
    ferror                                   0x08000d89   Thumb Code     8  ferror.o(.text)
    __user_libspace                          0x08000d91   Thumb Code     8  libspace.o(.text)
    __user_perproc_libspace                  0x08000d91   Thumb Code     0  libspace.o(.text)
    __user_perthread_libspace                0x08000d91   Thumb Code     0  libspace.o(.text)
    __user_setup_stackheap                   0x08000d99   Thumb Code    74  sys_stackheap_outer.o(.text)
    exit                                     0x08000de3   Thumb Code    12  exit.o(.text)
    strcmp                                   0x08000df1   Thumb Code   128  strcmpv7m.o(.text)
    _btod_d2e                                0x08000e71   Thumb Code    62  btod.o(CL$$btod_d2e)
    _d2e_denorm_low                          0x08000eaf   Thumb Code    70  btod.o(CL$$btod_d2e_denorm_low)
    _d2e_norm_op1                            0x08000ef5   Thumb Code    96  btod.o(CL$$btod_d2e_norm_op1)
    __btod_div_common                        0x08000f55   Thumb Code   696  btod.o(CL$$btod_div_common)
    _e2e                                     0x0800128d   Thumb Code   198  btod.o(CL$$btod_e2e)
    _btod_ediv                               0x08001353   Thumb Code    40  btod.o(CL$$btod_ediv)
    _btod_emul                               0x0800137b   Thumb Code    40  btod.o(CL$$btod_emul)
    __btod_mult_common                       0x080013a3   Thumb Code   580  btod.o(CL$$btod_mult_common)
    ADC1_2_IRQHandler                        0x080015e9   Thumb Code    38  stm32f10x_it.o(i.ADC1_2_IRQHandler)
    ADC_ClearITPendingBit                    0x08001619   Thumb Code    10  stm32f10x_adc.o(i.ADC_ClearITPendingBit)
    ADC_Cmd                                  0x08001623   Thumb Code    22  stm32f10x_adc.o(i.ADC_Cmd)
    ADC_GetCalibrationStatus                 0x08001639   Thumb Code    20  stm32f10x_adc.o(i.ADC_GetCalibrationStatus)
    ADC_GetConversionValue                   0x0800164d   Thumb Code     8  stm32f10x_adc.o(i.ADC_GetConversionValue)
    ADC_GetITStatus                          0x08001655   Thumb Code    36  stm32f10x_adc.o(i.ADC_GetITStatus)
    ADC_GetResetCalibrationStatus            0x08001679   Thumb Code    20  stm32f10x_adc.o(i.ADC_GetResetCalibrationStatus)
    ADC_ITConfig                             0x0800168d   Thumb Code    24  stm32f10x_adc.o(i.ADC_ITConfig)
    ADC_Init                                 0x080016a5   Thumb Code    70  stm32f10x_adc.o(i.ADC_Init)
    ADC_RegularChannelConfig                 0x080016f5   Thumb Code   184  stm32f10x_adc.o(i.ADC_RegularChannelConfig)
    ADC_ResetCalibration                     0x080017ad   Thumb Code    10  stm32f10x_adc.o(i.ADC_ResetCalibration)
    ADC_SoftwareStartConvCmd                 0x080017b7   Thumb Code    22  stm32f10x_adc.o(i.ADC_SoftwareStartConvCmd)
    ADC_StartCalibration                     0x080017cd   Thumb Code    10  stm32f10x_adc.o(i.ADC_StartCalibration)
    ADCx_Init                                0x080017fd   Thumb Code    12  adc.o(i.ADCx_Init)
    DMA_Cmd                                  0x08001899   Thumb Code    24  stm32f10x_dma.o(i.DMA_Cmd)
    DMA_DeInit                               0x080018b1   Thumb Code   324  stm32f10x_dma.o(i.DMA_DeInit)
    DMA_Init                                 0x080019fd   Thumb Code    60  stm32f10x_dma.o(i.DMA_Init)
    DMA_SetCurrDataCounter                   0x08001a39   Thumb Code     4  stm32f10x_dma.o(i.DMA_SetCurrDataCounter)
    GPIO_Init                                0x08001a3d   Thumb Code   278  stm32f10x_gpio.o(i.GPIO_Init)
    GPIO_ReadInputDataBit                    0x08001b53   Thumb Code    18  stm32f10x_gpio.o(i.GPIO_ReadInputDataBit)
    GPIO_ResetBits                           0x08001b65   Thumb Code     4  stm32f10x_gpio.o(i.GPIO_ResetBits)
    GPIO_SetBits                             0x08001b69   Thumb Code     4  stm32f10x_gpio.o(i.GPIO_SetBits)
    GPRS_Send_String                         0x08001b6d   Thumb Code   160  network.o(i.GPRS_Send_String)
    GPS_Analysis                             0x08001c45   Thumb Code    48  gps.o(i.GPS_Analysis)
    GPS_INIT                                 0x08001c75   Thumb Code    98  main.o(i.GPS_INIT)
    GPS_SHUJU                                0x08001d09   Thumb Code    92  main.o(i.GPS_SHUJU)
    Gps_Msg_Show                             0x08001d79   Thumb Code   404  main.o(i.Gps_Msg_Show)
    IIC_Init                                 0x08002011   Thumb Code    40  oled.o(i.IIC_Init)
    IIC_Start                                0x0800203d   Thumb Code    52  oled.o(i.IIC_Start)
    IIC_Stop                                 0x08002079   Thumb Code    38  oled.o(i.IIC_Stop)
    IIC_Wait_Ask                             0x080020a9   Thumb Code    64  oled.o(i.IIC_Wait_Ask)
    IIC_WriteByte                            0x080020f1   Thumb Code    82  oled.o(i.IIC_WriteByte)
    Key_Init                                 0x0800214d   Thumb Code    96  key.o(i.Key_Init)
    Key_Scan                                 0x080021b5   Thumb Code   246  key.o(i.Key_Scan)
    LED_Init                                 0x080022bd   Thumb Code    86  led.o(i.LED_Init)
    NMEA_Comma_Pos                           0x0800231d   Thumb Code    50  gps.o(i.NMEA_Comma_Pos)
    NMEA_GPGGA_Analysis                      0x08002351   Thumb Code    96  gps.o(i.NMEA_GPGGA_Analysis)
    NMEA_GPGSA_Analysis                      0x080023b9   Thumb Code   176  gps.o(i.NMEA_GPGSA_Analysis)
    NMEA_GPGSV_Analysis                      0x08002471   Thumb Code   290  gps.o(i.NMEA_GPGSV_Analysis)
    NMEA_GPRMC_Analysis                      0x0800259d   Thumb Code   532  gps.o(i.NMEA_GPRMC_Analysis)
    NMEA_GPVTG_Analysis                      0x080027bd   Thumb Code    78  gps.o(i.NMEA_GPVTG_Analysis)
    NMEA_Pow                                 0x08002815   Thumb Code    22  gps.o(i.NMEA_Pow)
    NMEA_Str2num                             0x0800282b   Thumb Code   234  gps.o(i.NMEA_Str2num)
    NVIC_Init                                0x08002915   Thumb Code   100  misc.o(i.NVIC_Init)
    NVIC_PriorityGroupConfig                 0x08002985   Thumb Code    10  misc.o(i.NVIC_PriorityGroupConfig)
    OLED_CLS                                 0x08002999   Thumb Code    10  oled.o(i.OLED_CLS)
    OLED_Fill                                0x080029a3   Thumb Code    58  oled.o(i.OLED_Fill)
    OLED_Init                                0x080029dd   Thumb Code   178  oled.o(i.OLED_Init)
    OLED_ON                                  0x08002a8f   Thumb Code    22  oled.o(i.OLED_ON)
    OLED_SetPos                              0x08002aa5   Thumb Code    40  oled.o(i.OLED_SetPos)
    OLED_ShowCHinese                         0x08002acd   Thumb Code    94  oled.o(i.OLED_ShowCHinese)
    OLED_ShowStr                             0x08002b31   Thumb Code   228  oled.o(i.OLED_ShowStr)
    RCC_ADCCLKConfig                         0x08002c1d   Thumb Code    18  stm32f10x_rcc.o(i.RCC_ADCCLKConfig)
    RCC_AHBPeriphClockCmd                    0x08002c35   Thumb Code    26  stm32f10x_rcc.o(i.RCC_AHBPeriphClockCmd)
    RCC_APB1PeriphClockCmd                   0x08002c55   Thumb Code    26  stm32f10x_rcc.o(i.RCC_APB1PeriphClockCmd)
    RCC_APB1PeriphResetCmd                   0x08002c75   Thumb Code    26  stm32f10x_rcc.o(i.RCC_APB1PeriphResetCmd)
    RCC_APB2PeriphClockCmd                   0x08002c95   Thumb Code    26  stm32f10x_rcc.o(i.RCC_APB2PeriphClockCmd)
    RCC_APB2PeriphResetCmd                   0x08002cb5   Thumb Code    26  stm32f10x_rcc.o(i.RCC_APB2PeriphResetCmd)
    RCC_GetClocksFreq                        0x08002cd5   Thumb Code   192  stm32f10x_rcc.o(i.RCC_GetClocksFreq)
    SDA_IN                                   0x08002da9   Thumb Code    32  oled.o(i.SDA_IN)
    SDA_OUT                                  0x08002dcd   Thumb Code    32  oled.o(i.SDA_OUT)
    Set_Text_Mode                            0x08002ed9   Thumb Code   356  network.o(i.Set_Text_Mode)
    SysTick_CLKSourceConfig                  0x080030f1   Thumb Code    40  misc.o(i.SysTick_CLKSourceConfig)
    SystemInit                               0x08003119   Thumb Code    78  system_stm32f10x.o(i.SystemInit)
    TIM2_IRQHandler                          0x08003179   Thumb Code   386  stm32f10x_it.o(i.TIM2_IRQHandler)
    TIM4_IRQHandler                          0x08003361   Thumb Code    40  usart1.o(i.TIM4_IRQHandler)
    TIM4_Init                                0x08003391   Thumb Code    82  usart1.o(i.TIM4_Init)
    TIM4_Set                                 0x080033e9   Thumb Code    34  usart1.o(i.TIM4_Set)
    TIM_ClearITPendingBit                    0x08003411   Thumb Code     6  stm32f10x_tim.o(i.TIM_ClearITPendingBit)
    TIM_Cmd                                  0x08003417   Thumb Code    24  stm32f10x_tim.o(i.TIM_Cmd)
    TIM_GetITStatus                          0x0800342f   Thumb Code    34  stm32f10x_tim.o(i.TIM_GetITStatus)
    TIM_ITConfig                             0x08003451   Thumb Code    18  stm32f10x_tim.o(i.TIM_ITConfig)
    TIM_SetCounter                           0x08003463   Thumb Code     4  stm32f10x_tim.o(i.TIM_SetCounter)
    TIM_TimeBaseInit                         0x08003469   Thumb Code   122  stm32f10x_tim.o(i.TIM_TimeBaseInit)
    Timer2_Init                              0x0800350d   Thumb Code    70  timer.o(i.Timer2_Init)
    UART_DMA_Config                          0x08003553   Thumb Code    72  usart1.o(i.UART_DMA_Config)
    UART_DMA_Enable                          0x0800359b   Thumb Code    32  usart1.o(i.UART_DMA_Enable)
    USART1_IRQHandler                        0x080035bd   Thumb Code    84  usart1.o(i.USART1_IRQHandler)
    USART1_Init                              0x08003621   Thumb Code   208  usart1.o(i.USART1_Init)
    USART2_IRQHandler                        0x08003705   Thumb Code   122  usart.o(i.USART2_IRQHandler)
    USART3_IRQHandler                        0x0800378d   Thumb Code    86  usart.o(i.USART3_IRQHandler)
    USART_Cmd                                0x080037f9   Thumb Code    24  stm32f10x_usart.o(i.USART_Cmd)
    USART_DMACmd                             0x08003811   Thumb Code    18  stm32f10x_usart.o(i.USART_DMACmd)
    USART_DeInit                             0x08003825   Thumb Code   134  stm32f10x_usart.o(i.USART_DeInit)
    USART_GetFlagStatus                      0x080038c1   Thumb Code    26  stm32f10x_usart.o(i.USART_GetFlagStatus)
    USART_GetITStatus                        0x080038db   Thumb Code    84  stm32f10x_usart.o(i.USART_GetITStatus)
    USART_ITConfig                           0x0800392f   Thumb Code    74  stm32f10x_usart.o(i.USART_ITConfig)
    USART_Init                               0x08003979   Thumb Code   210  stm32f10x_usart.o(i.USART_Init)
    USART_ReceiveData                        0x08003a51   Thumb Code    10  stm32f10x_usart.o(i.USART_ReceiveData)
    USART_SendData                           0x08003a5b   Thumb Code     8  stm32f10x_usart.o(i.USART_SendData)
    Ublox_Cfg_Ack_Check                      0x08003a65   Thumb Code   104  gps.o(i.Ublox_Cfg_Ack_Check)
    Ublox_Cfg_Cfg_Save                       0x08003ad5   Thumb Code   112  gps.o(i.Ublox_Cfg_Cfg_Save)
    Ublox_Cfg_Prt                            0x08003b4d   Thumb Code   106  gps.o(i.Ublox_Cfg_Prt)
    Ublox_Cfg_Rate                           0x08003bc1   Thumb Code    80  gps.o(i.Ublox_Cfg_Rate)
    Ublox_Cfg_Tp                             0x08003c19   Thumb Code   102  gps.o(i.Ublox_Cfg_Tp)
    Ublox_CheckSum                           0x08003c89   Thumb Code    40  gps.o(i.Ublox_CheckSum)
    Usart_SendChar                           0x08003cb1   Thumb Code    30  usart.o(i.Usart_SendChar)
    Usart_SendString                         0x08003cd1   Thumb Code    50  usart.o(i.Usart_SendString)
    WriteCmd                                 0x08003d0d   Thumb Code    44  oled.o(i.WriteCmd)
    WriteDat                                 0x08003d39   Thumb Code    44  oled.o(i.WriteDat)
    __ARM_fpclassify                         0x08003d65   Thumb Code    40  fpclassify.o(i.__ARM_fpclassify)
    _is_digit                                0x08003d8d   Thumb Code    14  __printf_wp.o(i._is_digit)
    _sys_exit                                0x08003d9b   Thumb Code     6  usart.o(i._sys_exit)
    delay_init                               0x08003da1   Thumb Code    50  delay.o(i.delay_init)
    delay_ms                                 0x08003de5   Thumb Code    72  delay.o(i.delay_ms)
    delay_us                                 0x08003e31   Thumb Code    72  delay.o(i.delay_us)
    findStr                                  0x08003e7d   Thumb Code    78  network.o(i.findStr)
    fputc                                    0x08003ed1   Thumb Code    24  usart.o(i.fputc)
    initGPRS                                 0x08003eed   Thumb Code   172  network.o(i.initGPRS)
    keyScan                                  0x08004005   Thumb Code    38  key.o(i.keyScan)
    main                                     0x0800402d   Thumb Code  2778  main.o(i.main)
    nvic_init                                0x08004b39   Thumb Code   154  nvic.o(i.nvic_init)
    uart2_init                               0x08004bd5   Thumb Code   118  usart.o(i.uart2_init)
    uart3_init                               0x08004c55   Thumb Code   142  usart.o(i.uart3_init)
    _get_lc_numeric                          0x08004ced   Thumb Code    44  lc_numeric_c.o(locale$$code)
    __fpl_dretinf                            0x08004d19   Thumb Code    12  dretinf.o(x$fpl$dretinf)
    __aeabi_f2d                              0x08004d25   Thumb Code     0  f2d.o(x$fpl$f2d)
    _f2d                                     0x08004d25   Thumb Code    86  f2d.o(x$fpl$f2d)
    __aeabi_fadd                             0x08004d7d   Thumb Code     0  faddsub_clz.o(x$fpl$fadd)
    _fadd                                    0x08004d7d   Thumb Code   196  faddsub_clz.o(x$fpl$fadd)
    __aeabi_fdiv                             0x08004e41   Thumb Code     0  fdiv.o(x$fpl$fdiv)
    _fdiv                                    0x08004e41   Thumb Code   384  fdiv.o(x$fpl$fdiv)
    __aeabi_f2uiz                            0x08004fc5   Thumb Code     0  ffixu.o(x$fpl$ffixu)
    _ffixu                                   0x08004fc5   Thumb Code    62  ffixu.o(x$fpl$ffixu)
    __aeabi_i2f                              0x08005005   Thumb Code     0  fflt_clz.o(x$fpl$fflt)
    _fflt                                    0x08005005   Thumb Code    48  fflt_clz.o(x$fpl$fflt)
    __aeabi_ui2f                             0x08005035   Thumb Code     0  fflt_clz.o(x$fpl$ffltu)
    _ffltu                                   0x08005035   Thumb Code    38  fflt_clz.o(x$fpl$ffltu)
    __aeabi_fmul                             0x0800505d   Thumb Code     0  fmul.o(x$fpl$fmul)
    _fmul                                    0x0800505d   Thumb Code   258  fmul.o(x$fpl$fmul)
    __fpl_fnaninf                            0x0800515f   Thumb Code   140  fnaninf.o(x$fpl$fnaninf)
    __fpl_fretinf                            0x080051eb   Thumb Code    10  fretinf.o(x$fpl$fretinf)
    __aeabi_fsub                             0x080051f5   Thumb Code     0  faddsub_clz.o(x$fpl$fsub)
    _fsub                                    0x080051f5   Thumb Code   234  faddsub_clz.o(x$fpl$fsub)
    _printf_fp_dec                           0x080052df   Thumb Code     4  printf1.o(x$fpl$printf1)
    F6x8                                     0x080052e2   Data         552  oled.o(.constdata)
    __I$use$fp                               0x080052e2   Number         0  usenofp.o(x$fpl$usenofp)
    F8X16                                    0x0800550a   Data        1520  oled.o(.constdata)
    Region$$Table$$Base                      0x08005be4   Number         0  anon$$obj.o(Region$$Table)
    Region$$Table$$Limit                     0x08005c04   Number         0  anon$$obj.o(Region$$Table)
    caisiyu_flag                             0x20000000   Data           1  main.o(.data)
    nblot_flag                               0x20000001   Data           1  main.o(.data)
    fixmode_tbl                              0x20000004   Data          16  main.o(.data)
    tp                                       0x20000014   Data           4  main.o(.data)
    NBLOT_SHANG_OVERTIME                     0x20000018   Data           1  main.o(.data)
    MQ_flag_Time                             0x20000019   Data           1  main.o(.data)
    alarm_threshold                          0x2000001a   Data           1  main.o(.data)
    alarm_Value                              0x2000001b   Data           2  main.o(.data)
    i                                        0x2000001e   Data           2  main.o(.data)
    j                                        0x20000020   Data           2  main.o(.data)
    JIEMIAN                                  0x20000022   Data           1  main.o(.data)
    beep_num                                 0x20000024   Data           1  stm32f10x_it.o(.data)
    ADC_ConvertedValueLocal                  0x20000028   Data           4  stm32f10x_it.o(.data)
    MQ_Buf                                   0x2000002c   Data           2  stm32f10x_it.o(.data)
    __stdout                                 0x2000004c   Data           4  usart.o(.data)
    USART2_RX_STA                            0x20000050   Data           2  usart.o(.data)
    USART3_RX_STA                            0x20000052   Data           2  usart.o(.data)
    len                                      0x20000054   Data           2  usart.o(.data)
    t                                        0x20000056   Data           2  usart.o(.data)
    ADC_ConvertedValue                       0x2000005a   Data           2  adc.o(.data)
    F16x16                                   0x2000005c   Data         128  oled.o(.data)
    BMP1                                     0x200000dc   Data        1024  oled.o(.data)
    Chinese                                  0x200004dc   Data        6720  oled.o(.data)
    GPRS_Delay_1S                            0x20001f28   Data           1  network.o(.data)
    string123                                0x20001f2c   Data           4  network.o(.data)
    OVER                                     0x20001f30   Data           1  network.o(.data)
    USART1_RX_STA                            0x20001f32   Data           2  usart1.o(.data)
    SystemCoreClock                          0x20001f34   Data           4  system_stm32f10x.o(.data)
    AHBPrescTable                            0x20001f38   Data          16  system_stm32f10x.o(.data)
    gpsx                                     0x20001f5c   Data         105  main.o(.bss)
    dtbuf                                    0x20001fc8   Data          50  main.o(.bss)
    TEMP_BUF                                 0x20001ffa   Data         800  main.o(.bss)
    strhex                                   0x2000231a   Data         300  main.o(.bss)
    buf                                      0x20002446   Data         300  main.o(.bss)
    string                                   0x20002572   Data         200  main.o(.bss)
    string2                                  0x2000263a   Data         100  main.o(.bss)
    string3                                  0x2000269e   Data         100  main.o(.bss)
    Shang_Buf                                0x20002702   Data          20  main.o(.bss)
    USART2_RX_BUF                            0x20002716   Data         200  usart.o(.bss)
    USART3_RX_BUF                            0x200027de   Data         200  usart.o(.bss)
    TXBuffer                                 0x200028a6   Data          50  network.o(.bss)
    RXBuffer                                 0x200028d8   Data          30  network.o(.bss)
    USART1_TX_BUF                            0x200028f8   Data         200  usart1.o(.bss)
    USART1_RX_BUF                            0x200029c0   Data         800  usart1.o(.bss)
    __libspace_start                         0x20002ce0   Data          96  libspace.o(.bss)
    __temporary_stack_top$libspace           0x20002d40   Data           0  libspace.o(.bss)



==============================================================================

Memory Map of the image

  Image Entry point : 0x08000241

  Load Region LR_1 (Base: 0x08000000, Size: 0x00007b7c, Max: 0xffffffff, ABSOLUTE, COMPRESSED[0x00006630])

    Execution Region ER_RO (Base: 0x08000000, Size: 0x00005c20, Max: 0xffffffff, ABSOLUTE)

    Base Addr    Size         Type   Attr      Idx    E Section Name        Object

    0x08000000   0x00000130   Data   RO          853    RESET               startup_stm32f10x_hd.o
    0x08000130   0x00000008   Code   RO         3077  * !!!main             c_w.l(__main.o)
    0x08000138   0x00000034   Code   RO         3369    !!!scatter          c_w.l(__scatter.o)
    0x0800016c   0x00000064   Code   RO         3367    !!dclz77c           c_w.l(__dclz77c.o)
    0x080001d0   0x0000001c   Code   RO         3371    !!handler_zi        c_w.l(__scatter_zi.o)
    0x080001ec   0x00000000   Code   RO         3060    .ARM.Collect$$_printf_percent$$00000000  c_w.l(_printf_percent.o)
    0x080001ec   0x00000006   Code   RO         3059    .ARM.Collect$$_printf_percent$$00000003  c_w.l(_printf_f.o)
    0x080001f2   0x00000006   Code   RO         3058    .ARM.Collect$$_printf_percent$$00000009  c_w.l(_printf_d.o)
    0x080001f8   0x00000006   Code   RO         3055    .ARM.Collect$$_printf_percent$$00000013  c_w.l(_printf_c.o)
    0x080001fe   0x00000006   Code   RO         3056    .ARM.Collect$$_printf_percent$$00000014  c_w.l(_printf_s.o)
    0x08000204   0x00000004   Code   RO         3143    .ARM.Collect$$_printf_percent$$00000017  c_w.l(_printf_percent_end.o)
    0x08000208   0x00000002   Code   RO         3242    .ARM.Collect$$libinit$$00000000  c_w.l(libinit.o)
    0x0800020a   0x00000000   Code   RO         3244    .ARM.Collect$$libinit$$00000002  c_w.l(libinit2.o)
    0x0800020a   0x00000000   Code   RO         3246    .ARM.Collect$$libinit$$00000004  c_w.l(libinit2.o)
    0x0800020a   0x00000000   Code   RO         3249    .ARM.Collect$$libinit$$0000000A  c_w.l(libinit2.o)
    0x0800020a   0x00000000   Code   RO         3251    .ARM.Collect$$libinit$$0000000C  c_w.l(libinit2.o)
    0x0800020a   0x00000000   Code   RO         3253    .ARM.Collect$$libinit$$0000000E  c_w.l(libinit2.o)
    0x0800020a   0x00000006   Code   RO         3254    .ARM.Collect$$libinit$$0000000F  c_w.l(libinit2.o)
    0x08000210   0x00000000   Code   RO         3256    .ARM.Collect$$libinit$$00000011  c_w.l(libinit2.o)
    0x08000210   0x00000000   Code   RO         3258    .ARM.Collect$$libinit$$00000013  c_w.l(libinit2.o)
    0x08000210   0x00000000   Code   RO         3260    .ARM.Collect$$libinit$$00000015  c_w.l(libinit2.o)
    0x08000210   0x0000000a   Code   RO         3261    .ARM.Collect$$libinit$$00000016  c_w.l(libinit2.o)
    0x0800021a   0x00000000   Code   RO         3262    .ARM.Collect$$libinit$$00000017  c_w.l(libinit2.o)
    0x0800021a   0x00000000   Code   RO         3264    .ARM.Collect$$libinit$$00000019  c_w.l(libinit2.o)
    0x0800021a   0x00000000   Code   RO         3266    .ARM.Collect$$libinit$$0000001B  c_w.l(libinit2.o)
    0x0800021a   0x00000000   Code   RO         3268    .ARM.Collect$$libinit$$0000001D  c_w.l(libinit2.o)
    0x0800021a   0x00000000   Code   RO         3270    .ARM.Collect$$libinit$$0000001F  c_w.l(libinit2.o)
    0x0800021a   0x00000000   Code   RO         3272    .ARM.Collect$$libinit$$00000021  c_w.l(libinit2.o)
    0x0800021a   0x00000000   Code   RO         3274    .ARM.Collect$$libinit$$00000023  c_w.l(libinit2.o)
    0x0800021a   0x00000000   Code   RO         3276    .ARM.Collect$$libinit$$00000025  c_w.l(libinit2.o)
    0x0800021a   0x00000000   Code   RO         3280    .ARM.Collect$$libinit$$0000002C  c_w.l(libinit2.o)
    0x0800021a   0x00000000   Code   RO         3282    .ARM.Collect$$libinit$$0000002E  c_w.l(libinit2.o)
    0x0800021a   0x00000000   Code   RO         3284    .ARM.Collect$$libinit$$00000030  c_w.l(libinit2.o)
    0x0800021a   0x00000000   Code   RO         3286    .ARM.Collect$$libinit$$00000032  c_w.l(libinit2.o)
    0x0800021a   0x00000002   Code   RO         3287    .ARM.Collect$$libinit$$00000033  c_w.l(libinit2.o)
    0x0800021c   0x00000002   Code   RO         3318    .ARM.Collect$$libshutdown$$00000000  c_w.l(libshutdown.o)
    0x0800021e   0x00000000   Code   RO         3328    .ARM.Collect$$libshutdown$$00000003  c_w.l(libshutdown2.o)
    0x0800021e   0x00000000   Code   RO         3331    .ARM.Collect$$libshutdown$$00000006  c_w.l(libshutdown2.o)
    0x0800021e   0x00000000   Code   RO         3334    .ARM.Collect$$libshutdown$$00000009  c_w.l(libshutdown2.o)
    0x0800021e   0x00000000   Code   RO         3336    .ARM.Collect$$libshutdown$$0000000B  c_w.l(libshutdown2.o)
    0x0800021e   0x00000000   Code   RO         3339    .ARM.Collect$$libshutdown$$0000000E  c_w.l(libshutdown2.o)
    0x0800021e   0x00000002   Code   RO         3340    .ARM.Collect$$libshutdown$$0000000F  c_w.l(libshutdown2.o)
    0x08000220   0x00000000   Code   RO         3107    .ARM.Collect$$rtentry$$00000000  c_w.l(__rtentry.o)
    0x08000220   0x00000000   Code   RO         3161    .ARM.Collect$$rtentry$$00000002  c_w.l(__rtentry2.o)
    0x08000220   0x00000006   Code   RO         3173    .ARM.Collect$$rtentry$$00000004  c_w.l(__rtentry4.o)
    0x08000226   0x00000000   Code   RO         3163    .ARM.Collect$$rtentry$$00000009  c_w.l(__rtentry2.o)
    0x08000226   0x00000004   Code   RO         3164    .ARM.Collect$$rtentry$$0000000A  c_w.l(__rtentry2.o)
    0x0800022a   0x00000000   Code   RO         3166    .ARM.Collect$$rtentry$$0000000C  c_w.l(__rtentry2.o)
    0x0800022a   0x00000008   Code   RO         3167    .ARM.Collect$$rtentry$$0000000D  c_w.l(__rtentry2.o)
    0x08000232   0x00000002   Code   RO         3288    .ARM.Collect$$rtexit$$00000000  c_w.l(rtexit.o)
    0x08000234   0x00000000   Code   RO         3298    .ARM.Collect$$rtexit$$00000002  c_w.l(rtexit2.o)
    0x08000234   0x00000004   Code   RO         3299    .ARM.Collect$$rtexit$$00000003  c_w.l(rtexit2.o)
    0x08000238   0x00000006   Code   RO         3300    .ARM.Collect$$rtexit$$00000004  c_w.l(rtexit2.o)
    0x0800023e   0x00000002   PAD
    0x08000240   0x00000040   Code   RO          854  * .text               startup_stm32f10x_hd.o
    0x08000280   0x00000002   Code   RO         2994    .text               c_w.l(use_no_semi_2.o)
    0x08000282   0x00000002   PAD
    0x08000284   0x00000018   Code   RO         2998    .text               c_w.l(__2printf.o)
    0x0800029c   0x0000002c   Code   RO         3000    .text               c_w.l(__2sprintf.o)
    0x080002c8   0x0000004e   Code   RO         3008    .text               c_w.l(_printf_pad.o)
    0x08000316   0x00000052   Code   RO         3010    .text               c_w.l(_printf_str.o)
    0x08000368   0x00000078   Code   RO         3012    .text               c_w.l(_printf_dec.o)
    0x080003e0   0x00000188   Code   RO         3052    .text               c_w.l(__printf_flags_ss_wp.o)
    0x08000568   0x00000024   Code   RO         3063    .text               c_w.l(strstr.o)
    0x0800058c   0x00000018   Code   RO         3067    .text               c_w.l(strcat.o)
    0x080005a4   0x00000044   Code   RO         3069    .text               c_w.l(rt_memclr.o)
    0x080005e8   0x0000004e   Code   RO         3071    .text               c_w.l(rt_memclr_w.o)
    0x08000636   0x00000006   Code   RO         3075    .text               c_w.l(heapauxi.o)
    0x0800063c   0x00000002   Code   RO         3105    .text               c_w.l(use_no_semi.o)
    0x0800063e   0x000000b2   Code   RO         3110    .text               c_w.l(_printf_intcommon.o)
    0x080006f0   0x0000041a   Code   RO         3114    .text               c_w.l(_printf_fp_dec.o)
    0x08000b0a   0x00000002   PAD
    0x08000b0c   0x00000030   Code   RO         3116    .text               c_w.l(_printf_char_common.o)
    0x08000b3c   0x0000000a   Code   RO         3118    .text               c_w.l(_sputc.o)
    0x08000b46   0x0000002c   Code   RO         3120    .text               c_w.l(_printf_char.o)
    0x08000b72   0x00000002   PAD
    0x08000b74   0x00000024   Code   RO         3122    .text               c_w.l(_printf_char_file.o)
    0x08000b98   0x00000008   Code   RO         3178    .text               c_w.l(rt_locale_intlibspace.o)
    0x08000ba0   0x0000008a   Code   RO         3180    .text               c_w.l(lludiv10.o)
    0x08000c2a   0x00000002   PAD
    0x08000c2c   0x00000080   Code   RO         3182    .text               c_w.l(_printf_fp_infnan.o)
    0x08000cac   0x000000dc   Code   RO         3188    .text               c_w.l(bigflt0.o)
    0x08000d88   0x00000008   Code   RO         3213    .text               c_w.l(ferror.o)
    0x08000d90   0x00000008   Code   RO         3226    .text               c_w.l(libspace.o)
    0x08000d98   0x0000004a   Code   RO         3229    .text               c_w.l(sys_stackheap_outer.o)
    0x08000de2   0x0000000c   Code   RO         3233    .text               c_w.l(exit.o)
    0x08000dee   0x00000002   PAD
    0x08000df0   0x00000080   Code   RO         3235    .text               c_w.l(strcmpv7m.o)
    0x08000e70   0x0000003e   Code   RO         3191    CL$$btod_d2e        c_w.l(btod.o)
    0x08000eae   0x00000046   Code   RO         3193    CL$$btod_d2e_denorm_low  c_w.l(btod.o)
    0x08000ef4   0x00000060   Code   RO         3192    CL$$btod_d2e_norm_op1  c_w.l(btod.o)
    0x08000f54   0x00000338   Code   RO         3201    CL$$btod_div_common  c_w.l(btod.o)
    0x0800128c   0x000000c6   Code   RO         3198    CL$$btod_e2e        c_w.l(btod.o)
    0x08001352   0x00000028   Code   RO         3195    CL$$btod_ediv       c_w.l(btod.o)
    0x0800137a   0x00000028   Code   RO         3194    CL$$btod_emul       c_w.l(btod.o)
    0x080013a2   0x00000244   Code   RO         3200    CL$$btod_mult_common  c_w.l(btod.o)
    0x080015e6   0x00000002   PAD
    0x080015e8   0x00000030   Code   RO          191    i.ADC1_2_IRQHandler  stm32f10x_it.o
    0x08001618   0x0000000a   Code   RO          899    i.ADC_ClearITPendingBit  stm32f10x_adc.o
    0x08001622   0x00000016   Code   RO          900    i.ADC_Cmd           stm32f10x_adc.o
    0x08001638   0x00000014   Code   RO          908    i.ADC_GetCalibrationStatus  stm32f10x_adc.o
    0x0800164c   0x00000008   Code   RO          909    i.ADC_GetConversionValue  stm32f10x_adc.o
    0x08001654   0x00000024   Code   RO          912    i.ADC_GetITStatus   stm32f10x_adc.o
    0x08001678   0x00000014   Code   RO          914    i.ADC_GetResetCalibrationStatus  stm32f10x_adc.o
    0x0800168c   0x00000018   Code   RO          917    i.ADC_ITConfig      stm32f10x_adc.o
    0x080016a4   0x00000050   Code   RO          918    i.ADC_Init          stm32f10x_adc.o
    0x080016f4   0x000000b8   Code   RO          922    i.ADC_RegularChannelConfig  stm32f10x_adc.o
    0x080017ac   0x0000000a   Code   RO          923    i.ADC_ResetCalibration  stm32f10x_adc.o
    0x080017b6   0x00000016   Code   RO          925    i.ADC_SoftwareStartConvCmd  stm32f10x_adc.o
    0x080017cc   0x0000000a   Code   RO          927    i.ADC_StartCalibration  stm32f10x_adc.o
    0x080017d6   0x00000002   PAD
    0x080017d8   0x00000024   Code   RO          539    i.ADCx_GPIO_Config  adc.o
    0x080017fc   0x0000000c   Code   RO          540    i.ADCx_Init         adc.o
    0x08001808   0x00000090   Code   RO          541    i.ADCx_Mode_Config  adc.o
    0x08001898   0x00000018   Code   RO         2922    i.DMA_Cmd           stm32f10x_dma.o
    0x080018b0   0x0000014c   Code   RO         2923    i.DMA_DeInit        stm32f10x_dma.o
    0x080019fc   0x0000003c   Code   RO         2928    i.DMA_Init          stm32f10x_dma.o
    0x08001a38   0x00000004   Code   RO         2929    i.DMA_SetCurrDataCounter  stm32f10x_dma.o
    0x08001a3c   0x00000116   Code   RO         1200    i.GPIO_Init         stm32f10x_gpio.o
    0x08001b52   0x00000012   Code   RO         1204    i.GPIO_ReadInputDataBit  stm32f10x_gpio.o
    0x08001b64   0x00000004   Code   RO         1207    i.GPIO_ResetBits    stm32f10x_gpio.o
    0x08001b68   0x00000004   Code   RO         1208    i.GPIO_SetBits      stm32f10x_gpio.o
    0x08001b6c   0x000000d8   Code   RO          704    i.GPRS_Send_String  network.o
    0x08001c44   0x00000030   Code   RO          398    i.GPS_Analysis      gps.o
    0x08001c74   0x00000094   Code   RO            1    i.GPS_INIT          main.o
    0x08001d08   0x00000070   Code   RO            2    i.GPS_SHUJU         main.o
    0x08001d78   0x00000298   Code   RO            3    i.Gps_Msg_Show      main.o
    0x08002010   0x0000002c   Code   RO          564    i.IIC_Init          oled.o
    0x0800203c   0x0000003c   Code   RO          566    i.IIC_Start         oled.o
    0x08002078   0x00000030   Code   RO          567    i.IIC_Stop          oled.o
    0x080020a8   0x00000048   Code   RO          568    i.IIC_Wait_Ask      oled.o
    0x080020f0   0x0000005c   Code   RO          569    i.IIC_WriteByte     oled.o
    0x0800214c   0x00000068   Code   RO          679    i.Key_Init          key.o
    0x080021b4   0x00000108   Code   RO          680    i.Key_Scan          key.o
    0x080022bc   0x00000060   Code   RO          527    i.LED_Init          led.o
    0x0800231c   0x00000032   Code   RO          399    i.NMEA_Comma_Pos    gps.o
    0x0800234e   0x00000002   PAD
    0x08002350   0x00000068   Code   RO          400    i.NMEA_GPGGA_Analysis  gps.o
    0x080023b8   0x000000b8   Code   RO          401    i.NMEA_GPGSA_Analysis  gps.o
    0x08002470   0x0000012c   Code   RO          402    i.NMEA_GPGSV_Analysis  gps.o
    0x0800259c   0x00000220   Code   RO          403    i.NMEA_GPRMC_Analysis  gps.o
    0x080027bc   0x00000058   Code   RO          404    i.NMEA_GPVTG_Analysis  gps.o
    0x08002814   0x00000016   Code   RO          405    i.NMEA_Pow          gps.o
    0x0800282a   0x000000ea   Code   RO          406    i.NMEA_Str2num      gps.o
    0x08002914   0x00000070   Code   RO          858    i.NVIC_Init         misc.o
    0x08002984   0x00000014   Code   RO          859    i.NVIC_PriorityGroupConfig  misc.o
    0x08002998   0x0000000a   Code   RO          570    i.OLED_CLS          oled.o
    0x080029a2   0x0000003a   Code   RO          571    i.OLED_Fill         oled.o
    0x080029dc   0x000000b2   Code   RO          572    i.OLED_Init         oled.o
    0x08002a8e   0x00000016   Code   RO          573    i.OLED_ON           oled.o
    0x08002aa4   0x00000028   Code   RO          574    i.OLED_SetPos       oled.o
    0x08002acc   0x00000064   Code   RO          575    i.OLED_ShowCHinese  oled.o
    0x08002b30   0x000000ec   Code   RO          576    i.OLED_ShowStr      oled.o
    0x08002c1c   0x00000018   Code   RO         1572    i.RCC_ADCCLKConfig  stm32f10x_rcc.o
    0x08002c34   0x00000020   Code   RO         1573    i.RCC_AHBPeriphClockCmd  stm32f10x_rcc.o
    0x08002c54   0x00000020   Code   RO         1574    i.RCC_APB1PeriphClockCmd  stm32f10x_rcc.o
    0x08002c74   0x00000020   Code   RO         1575    i.RCC_APB1PeriphResetCmd  stm32f10x_rcc.o
    0x08002c94   0x00000020   Code   RO         1576    i.RCC_APB2PeriphClockCmd  stm32f10x_rcc.o
    0x08002cb4   0x00000020   Code   RO         1577    i.RCC_APB2PeriphResetCmd  stm32f10x_rcc.o
    0x08002cd4   0x000000d4   Code   RO         1584    i.RCC_GetClocksFreq  stm32f10x_rcc.o
    0x08002da8   0x00000024   Code   RO          577    i.SDA_IN            oled.o
    0x08002dcc   0x00000024   Code   RO          578    i.SDA_OUT           oled.o
    0x08002df0   0x00000008   Code   RO          807    i.SetSysClock       system_stm32f10x.o
    0x08002df8   0x000000e0   Code   RO          808    i.SetSysClockTo72   system_stm32f10x.o
    0x08002ed8   0x00000218   Code   RO          705    i.Set_Text_Mode     network.o
    0x080030f0   0x00000028   Code   RO          862    i.SysTick_CLKSourceConfig  misc.o
    0x08003118   0x00000060   Code   RO          810    i.SystemInit        system_stm32f10x.o
    0x08003178   0x000001e8   Code   RO          192    i.TIM2_IRQHandler   stm32f10x_it.o
    0x08003360   0x00000030   Code   RO          739    i.TIM4_IRQHandler   usart1.o
    0x08003390   0x00000058   Code   RO          740    i.TIM4_Init         usart1.o
    0x080033e8   0x00000028   Code   RO          741    i.TIM4_Set          usart1.o
    0x08003410   0x00000006   Code   RO         2203    i.TIM_ClearITPendingBit  stm32f10x_tim.o
    0x08003416   0x00000018   Code   RO         2208    i.TIM_Cmd           stm32f10x_tim.o
    0x0800342e   0x00000022   Code   RO         2229    i.TIM_GetITStatus   stm32f10x_tim.o
    0x08003450   0x00000012   Code   RO         2233    i.TIM_ITConfig      stm32f10x_tim.o
    0x08003462   0x00000004   Code   RO         2273    i.TIM_SetCounter    stm32f10x_tim.o
    0x08003466   0x00000002   PAD
    0x08003468   0x000000a4   Code   RO         2279    i.TIM_TimeBaseInit  stm32f10x_tim.o
    0x0800350c   0x00000046   Code   RO          515    i.Timer2_Init       timer.o
    0x08003552   0x00000048   Code   RO          742    i.UART_DMA_Config   usart1.o
    0x0800359a   0x00000020   Code   RO          743    i.UART_DMA_Enable   usart1.o
    0x080035ba   0x00000002   PAD
    0x080035bc   0x00000064   Code   RO          744    i.USART1_IRQHandler  usart1.o
    0x08003620   0x000000e4   Code   RO          745    i.USART1_Init       usart1.o
    0x08003704   0x00000088   Code   RO          275    i.USART2_IRQHandler  usart.o
    0x0800378c   0x0000006c   Code   RO          276    i.USART3_IRQHandler  usart.o
    0x080037f8   0x00000018   Code   RO         2744    i.USART_Cmd         stm32f10x_usart.o
    0x08003810   0x00000012   Code   RO         2745    i.USART_DMACmd      stm32f10x_usart.o
    0x08003822   0x00000002   PAD
    0x08003824   0x0000009c   Code   RO         2746    i.USART_DeInit      stm32f10x_usart.o
    0x080038c0   0x0000001a   Code   RO         2747    i.USART_GetFlagStatus  stm32f10x_usart.o
    0x080038da   0x00000054   Code   RO         2748    i.USART_GetITStatus  stm32f10x_usart.o
    0x0800392e   0x0000004a   Code   RO         2750    i.USART_ITConfig    stm32f10x_usart.o
    0x08003978   0x000000d8   Code   RO         2751    i.USART_Init        stm32f10x_usart.o
    0x08003a50   0x0000000a   Code   RO         2758    i.USART_ReceiveData  stm32f10x_usart.o
    0x08003a5a   0x00000008   Code   RO         2761    i.USART_SendData    stm32f10x_usart.o
    0x08003a62   0x00000002   PAD
    0x08003a64   0x00000070   Code   RO          407    i.Ublox_Cfg_Ack_Check  gps.o
    0x08003ad4   0x00000078   Code   RO          408    i.Ublox_Cfg_Cfg_Save  gps.o
    0x08003b4c   0x00000074   Code   RO          410    i.Ublox_Cfg_Prt     gps.o
    0x08003bc0   0x00000058   Code   RO          411    i.Ublox_Cfg_Rate    gps.o
    0x08003c18   0x00000070   Code   RO          412    i.Ublox_Cfg_Tp      gps.o
    0x08003c88   0x00000028   Code   RO          413    i.Ublox_CheckSum    gps.o
    0x08003cb0   0x0000001e   Code   RO          277    i.Usart_SendChar    usart.o
    0x08003cce   0x00000002   PAD
    0x08003cd0   0x0000003c   Code   RO          278    i.Usart_SendString  usart.o
    0x08003d0c   0x0000002c   Code   RO          579    i.WriteCmd          oled.o
    0x08003d38   0x0000002c   Code   RO          580    i.WriteDat          oled.o
    0x08003d64   0x00000028   Code   RO         3224    i.__ARM_fpclassify  m_ws.l(fpclassify.o)
    0x08003d8c   0x0000000e   Code   RO         3045    i._is_digit         c_w.l(__printf_wp.o)
    0x08003d9a   0x00000006   Code   RO          279    i._sys_exit         usart.o
    0x08003da0   0x00000044   Code   RO          249    i.delay_init        delay.o
    0x08003de4   0x0000004c   Code   RO          250    i.delay_ms          delay.o
    0x08003e30   0x0000004c   Code   RO          251    i.delay_us          delay.o
    0x08003e7c   0x00000054   Code   RO          706    i.findStr           network.o
    0x08003ed0   0x0000001c   Code   RO          280    i.fputc             usart.o
    0x08003eec   0x00000118   Code   RO          707    i.initGPRS          network.o
    0x08004004   0x00000026   Code   RO          681    i.keyScan           key.o
    0x0800402a   0x00000002   PAD
    0x0800402c   0x00000b0c   Code   RO            7    i.main              main.o
    0x08004b38   0x0000009a   Code   RO          386    i.nvic_init         nvic.o
    0x08004bd2   0x00000002   PAD
    0x08004bd4   0x00000080   Code   RO          283    i.uart2_init        usart.o
    0x08004c54   0x00000098   Code   RO          284    i.uart3_init        usart.o
    0x08004cec   0x0000002c   Code   RO         3220    locale$$code        c_w.l(lc_numeric_c.o)
    0x08004d18   0x0000000c   Code   RO         3153    x$fpl$dretinf       fz_ws.l(dretinf.o)
    0x08004d24   0x00000056   Code   RO         3079    x$fpl$f2d           fz_ws.l(f2d.o)
    0x08004d7a   0x00000002   PAD
    0x08004d7c   0x000000c4   Code   RO         3081    x$fpl$fadd          fz_ws.l(faddsub_clz.o)
    0x08004e40   0x00000184   Code   RO         3088    x$fpl$fdiv          fz_ws.l(fdiv.o)
    0x08004fc4   0x0000003e   Code   RO         3091    x$fpl$ffixu         fz_ws.l(ffixu.o)
    0x08005002   0x00000002   PAD
    0x08005004   0x00000030   Code   RO         3096    x$fpl$fflt          fz_ws.l(fflt_clz.o)
    0x08005034   0x00000026   Code   RO         3095    x$fpl$ffltu         fz_ws.l(fflt_clz.o)
    0x0800505a   0x00000002   PAD
    0x0800505c   0x00000102   Code   RO         3101    x$fpl$fmul          fz_ws.l(fmul.o)
    0x0800515e   0x0000008c   Code   RO         3155    x$fpl$fnaninf       fz_ws.l(fnaninf.o)
    0x080051ea   0x0000000a   Code   RO         3157    x$fpl$fretinf       fz_ws.l(fretinf.o)
    0x080051f4   0x000000ea   Code   RO         3083    x$fpl$fsub          fz_ws.l(faddsub_clz.o)
    0x080052de   0x00000004   Code   RO         3103    x$fpl$printf1       fz_ws.l(printf1.o)
    0x080052e2   0x00000000   Code   RO         3159    x$fpl$usenofp       fz_ws.l(usenofp.o)
    0x080052e2   0x00000818   Data   RO          581    .constdata          oled.o
    0x08005afa   0x00000011   Data   RO         3053    .constdata          c_w.l(__printf_flags_ss_wp.o)
    0x08005b0b   0x00000001   PAD
    0x08005b0c   0x00000094   Data   RO         3189    .constdata          c_w.l(bigflt0.o)
    0x08005ba0   0x00000015   Data   RO            9    .conststring        main.o
    0x08005bb5   0x00000003   PAD
    0x08005bb8   0x0000002a   Data   RO          709    .conststring        network.o
    0x08005be2   0x00000002   PAD
    0x08005be4   0x00000020   Data   RO         3365    Region$$Table       anon$$obj.o
    0x08005c04   0x0000001c   Data   RO         3219    locale$$data        c_w.l(lc_numeric_c.o)


    Execution Region ER_RW (Base: 0x20000000, Size: 0x00001f5c, Max: 0xffffffff, ABSOLUTE, COMPRESSED[0x00000a10])

    Base Addr    Size         Type   Attr      Idx    E Section Name        Object

    0x20000000   0x00000023   Data   RW           10    .data               main.o
    0x20000023   0x00000001   PAD
    0x20000024   0x00000024   Data   RW          193    .data               stm32f10x_it.o
    0x20000048   0x00000004   Data   RW          252    .data               delay.o
    0x2000004c   0x0000000d   Data   RW          286    .data               usart.o
    0x20000059   0x00000001   PAD
    0x2000005a   0x00000002   Data   RW          542    .data               adc.o
    0x2000005c   0x00001ec0   Data   RW          582    .data               oled.o
    0x20001f1c   0x00000009   Data   RW          682    .data               key.o
    0x20001f25   0x00000003   PAD
    0x20001f28   0x00000009   Data   RW          710    .data               network.o
    0x20001f31   0x00000001   PAD
    0x20001f32   0x00000002   Data   RW          748    .data               usart1.o
    0x20001f34   0x00000014   Data   RW          811    .data               system_stm32f10x.o
    0x20001f48   0x00000014   Data   RW         1604    .data               stm32f10x_rcc.o


    Execution Region ER_ZI (Base: 0x20001f5c, Size: 0x000013e4, Max: 0xffffffff, ABSOLUTE)

    Base Addr    Size         Type   Attr      Idx    E Section Name        Object

    0x20001f5c   0x000007ba   Zero   RW            8    .bss                main.o
    0x20002716   0x00000190   Zero   RW          285    .bss                usart.o
    0x200028a6   0x00000050   Zero   RW          708    .bss                network.o
    0x200028f6   0x00000002   PAD
    0x200028f8   0x000003e8   Zero   RW          747    .bss                usart1.o
    0x20002ce0   0x00000060   Zero   RW         3227    .bss                c_w.l(libspace.o)
    0x20002d40   0x00000200   Zero   RW          852    HEAP                startup_stm32f10x_hd.o
    0x20002f40   0x00000400   Zero   RW          851    STACK               startup_stm32f10x_hd.o


==============================================================================

Image component sizes


      Code (inc. data)   RO Data    RW Data    ZI Data      Debug   Object Name

       192         10          0          2          0       1841   adc.o
       220         26          0          4          0       1615   delay.o
      2162         92          0          0          0      10352   gps.o
       406         26          0          9          0       1984   key.o
        96         10          0          0          0        475   led.o
      3752        768         21         35       1978     277264   main.o
       172         22          0          0          0       1969   misc.o
      1116        350         42          9         80       3485   network.o
       154          0          0          0          0        544   nvic.o
      1120         62       2072       7872          0       8796   oled.o
        64         26        304          0       1536        780   startup_stm32f10x_hd.o
       446         10          0          0          0       8958   stm32f10x_adc.o
       420          8          0          0          0       3875   stm32f10x_dma.o
       304          0          0          0          0       3532   stm32f10x_gpio.o
       536        112          0         36          0       1460   stm32f10x_it.o
       396         56          0         20          0       6491   stm32f10x_rcc.o
       250         42          0          0          0       3927   stm32f10x_tim.o
       616         28          0          0          0       7091   stm32f10x_usart.o
         0          0          0          0          0         32   sys.o
       328         28          0         20          0       1977   system_stm32f10x.o
        70          0          0          0          0        554   timer.o
       648         70          0         13        400       6509   usart.o
       608         56          0          2       1000       4615   usart1.o

    ----------------------------------------------------------------------
     14094       1802       2476       8028       4996     358126   Object Totals
         0          0         32          0          0          0   (incl. Generated)
        18          0          5          6          2          0   (incl. Padding)

    ----------------------------------------------------------------------

      Code (inc. data)   RO Data    RW Data    ZI Data      Debug   Library Member Name

        24          4          0          0          0         84   __2printf.o
        44          6          0          0          0         84   __2sprintf.o
       100          0          0          0          0          0   __dclz77c.o
         8          0          0          0          0         68   __main.o
       392          4         17          0          0         92   __printf_flags_ss_wp.o
        14          0          0          0          0         68   __printf_wp.o
         0          0          0          0          0          0   __rtentry.o
        12          0          0          0          0          0   __rtentry2.o
         6          0          0          0          0          0   __rtentry4.o
        52          8          0          0          0          0   __scatter.o
        28          0          0          0          0          0   __scatter_zi.o
         6          0          0          0          0          0   _printf_c.o
        44          0          0          0          0        108   _printf_char.o
        48          6          0          0          0         96   _printf_char_common.o
        36          4          0          0          0         80   _printf_char_file.o
         6          0          0          0          0          0   _printf_d.o
       120         16          0          0          0         92   _printf_dec.o
         6          0          0          0          0          0   _printf_f.o
      1050          0          0          0          0        216   _printf_fp_dec.o
       128         16          0          0          0         84   _printf_fp_infnan.o
       178          0          0          0          0         88   _printf_intcommon.o
        78          0          0          0          0        108   _printf_pad.o
         0          0          0          0          0          0   _printf_percent.o
         4          0          0          0          0          0   _printf_percent_end.o
         6          0          0          0          0          0   _printf_s.o
        82          0          0          0          0         80   _printf_str.o
        10          0          0          0          0         68   _sputc.o
       220          4        148          0          0         96   bigflt0.o
      1910        128          0          0          0        672   btod.o
        12          0          0          0          0         72   exit.o
         8          0          0          0          0         68   ferror.o
         6          0          0          0          0        152   heapauxi.o
        44         10         28          0          0         76   lc_numeric_c.o
         2          0          0          0          0          0   libinit.o
        18          0          0          0          0          0   libinit2.o
         2          0          0          0          0          0   libshutdown.o
         2          0          0          0          0          0   libshutdown2.o
         8          4          0          0         96         68   libspace.o
       138          0          0          0          0         80   lludiv10.o
         8          4          0          0          0         68   rt_locale_intlibspace.o
        68          0          0          0          0         68   rt_memclr.o
        78          0          0          0          0         80   rt_memclr_w.o
         2          0          0          0          0          0   rtexit.o
        10          0          0          0          0          0   rtexit2.o
        24          0          0          0          0         68   strcat.o
       128          0          0          0          0         68   strcmpv7m.o
        36          0          0          0          0         80   strstr.o
        74          0          0          0          0         80   sys_stackheap_outer.o
         2          0          0          0          0         68   use_no_semi.o
         2          0          0          0          0         68   use_no_semi_2.o
        12          0          0          0          0         68   dretinf.o
        86          4          0          0          0         84   f2d.o
       430          8          0          0          0        168   faddsub_clz.o
       388         76          0          0          0         96   fdiv.o
        62          4          0          0          0         84   ffixu.o
        86          0          0          0          0        136   fflt_clz.o
       258          4          0          0          0         84   fmul.o
       140          4          0          0          0         84   fnaninf.o
        10          0          0          0          0         68   fretinf.o
         4          0          0          0          0         68   printf1.o
         0          0          0          0          0          0   usenofp.o
        40          0          0          0          0         68   fpclassify.o

    ----------------------------------------------------------------------
      6820        314        194          0         96       4356   Library Totals
        20          0          1          0          0          0   (incl. Padding)

    ----------------------------------------------------------------------

      Code (inc. data)   RO Data    RW Data    ZI Data      Debug   Library Name

      5284        214        193          0         96       3348   c_w.l
      1476        100          0          0          0        940   fz_ws.l
        40          0          0          0          0         68   m_ws.l

    ----------------------------------------------------------------------
      6820        314        194          0         96       4356   Library Totals

    ----------------------------------------------------------------------

==============================================================================


      Code (inc. data)   RO Data    RW Data    ZI Data      Debug   

     20914       2116       2670       8028       5092     354054   Grand Totals
     20914       2116       2670       2576       5092     354054   ELF Image Totals (compressed)
     20914       2116       2670       2576          0          0   ROM Totals

==============================================================================

    Total RO  Size (Code + RO Data)                23584 (  23.03kB)
    Total RW  Size (RW Data + ZI Data)             13120 (  12.81kB)
    Total ROM Size (Code + RO Data + RW Data)      26160 (  25.55kB)

==============================================================================

