<html>
<body>
<pre>
<h1>礦ision Build Log</h1>
<h2>Tool Versions:</h2>
IDE-Version: μVision V5.14.0.0
Copyright (C) 2015 ARM Ltd and ARM Germany GmbH. All rights reserved.
License Information: 1 1, 1, LIC=SDA0P-MFJEX-ARQXW-Q0NBR-V8YH9-0NFGW
 
Tool Versions:
Toolchain:       MDK-ARM Standard  Version: 5.14.0.0
Toolchain Path:  D:\Keil_v5\ARM\ARMCC\Bin
C Compiler:      Armcc.exe V5.05 update 1 (build 106)
Assembler:       Armasm.exe V5.05 update 1 (build 106)
Linker/Locator:  ArmLink.exe V5.05 update 1 (build 106)
Library Manager: ArmAr.exe V5.05 update 1 (build 106)
Hex Converter:   FromElf.exe V5.05 update 1 (build 106)
CPU DLL:         SARMCM3.DLL V5.14.0.0
Dialog DLL:      DCM.DLL V1.13.1.0
Target DLL:      STLink\ST-LINKIII-KEIL_SWO.dll V2.0.14.0_KEIL
Dialog DLL:      TCM.DLL V1.14.4.0
 
<h2>Project:</h2>
C:\Users\蔡思宇\Desktop\毕设_NBLOT\USER\Template.uvprojx
Project File Date:  01/31/2020

<h2>Output:</h2>
Build target 'Template'
compiling main.c...
linking...
Program Size: Code=20914 RO-data=2670 RW-data=8028 ZI-data=5092  
FromELF: creating hex file...
"..\OBJ\Template.axf" - 0 Error(s), 0 Warning(s).

<h2>Collection of Component include folders:</h2>
  C:\Users\蔡思宇\Desktop\毕设_NBLOT\USER\RTE
  D:\Keil_v5\ARM\PACK\Keil\STM32F1xx_DFP\2.1.0

<h2>Collection of Component Files used:</h2>
</pre>
</body>
</html>
